Archive member included to satisfy reference by file (symbol)

C:/ST/STM32CubeIDE_1.16.0/STM32CubeIDE/plugins/com.st.stm32cube.ide.mcu.externaltools.gnu-tools-for-stm32.12.3.rel1.win32_1.0.200.202406191623/tools/bin/../lib/gcc/arm-none-eabi/12.3.1/../../../../arm-none-eabi/lib/thumb/v7e-m+fp/hard\libc_nano.a(libc_a-exit.o)
                              C:/ST/STM32CubeIDE_1.16.0/STM32CubeIDE/plugins/com.st.stm32cube.ide.mcu.externaltools.gnu-tools-for-stm32.12.3.rel1.win32_1.0.200.202406191623/tools/bin/../lib/gcc/arm-none-eabi/12.3.1/../../../../arm-none-eabi/lib/thumb/v7e-m+fp/hard/crt0.o (exit)
C:/ST/STM32CubeIDE_1.16.0/STM32CubeIDE/plugins/com.st.stm32cube.ide.mcu.externaltools.gnu-tools-for-stm32.12.3.rel1.win32_1.0.200.202406191623/tools/bin/../lib/gcc/arm-none-eabi/12.3.1/../../../../arm-none-eabi/lib/thumb/v7e-m+fp/hard\libc_nano.a(libc_a-malloc.o)
                              ./Core/Src/main.o (malloc)
C:/ST/STM32CubeIDE_1.16.0/STM32CubeIDE/plugins/com.st.stm32cube.ide.mcu.externaltools.gnu-tools-for-stm32.12.3.rel1.win32_1.0.200.202406191623/tools/bin/../lib/gcc/arm-none-eabi/12.3.1/../../../../arm-none-eabi/lib/thumb/v7e-m+fp/hard\libc_nano.a(libc_a-mallocr.o)
                              C:/ST/STM32CubeIDE_1.16.0/STM32CubeIDE/plugins/com.st.stm32cube.ide.mcu.externaltools.gnu-tools-for-stm32.12.3.rel1.win32_1.0.200.202406191623/tools/bin/../lib/gcc/arm-none-eabi/12.3.1/../../../../arm-none-eabi/lib/thumb/v7e-m+fp/hard\libc_nano.a(libc_a-malloc.o) (_malloc_r)
C:/ST/STM32CubeIDE_1.16.0/STM32CubeIDE/plugins/com.st.stm32cube.ide.mcu.externaltools.gnu-tools-for-stm32.12.3.rel1.win32_1.0.200.202406191623/tools/bin/../lib/gcc/arm-none-eabi/12.3.1/../../../../arm-none-eabi/lib/thumb/v7e-m+fp/hard\libc_nano.a(libc_a-mlock.o)
                              C:/ST/STM32CubeIDE_1.16.0/STM32CubeIDE/plugins/com.st.stm32cube.ide.mcu.externaltools.gnu-tools-for-stm32.12.3.rel1.win32_1.0.200.202406191623/tools/bin/../lib/gcc/arm-none-eabi/12.3.1/../../../../arm-none-eabi/lib/thumb/v7e-m+fp/hard\libc_nano.a(libc_a-mallocr.o) (__malloc_lock)
C:/ST/STM32CubeIDE_1.16.0/STM32CubeIDE/plugins/com.st.stm32cube.ide.mcu.externaltools.gnu-tools-for-stm32.12.3.rel1.win32_1.0.200.202406191623/tools/bin/../lib/gcc/arm-none-eabi/12.3.1/../../../../arm-none-eabi/lib/thumb/v7e-m+fp/hard\libc_nano.a(libc_a-nano-vfprintf_float.o)
                              (_printf_float)
C:/ST/STM32CubeIDE_1.16.0/STM32CubeIDE/plugins/com.st.stm32cube.ide.mcu.externaltools.gnu-tools-for-stm32.12.3.rel1.win32_1.0.200.202406191623/tools/bin/../lib/gcc/arm-none-eabi/12.3.1/../../../../arm-none-eabi/lib/thumb/v7e-m+fp/hard\libc_nano.a(libc_a-nano-vfprintf_i.o)
                              C:/ST/STM32CubeIDE_1.16.0/STM32CubeIDE/plugins/com.st.stm32cube.ide.mcu.externaltools.gnu-tools-for-stm32.12.3.rel1.win32_1.0.200.202406191623/tools/bin/../lib/gcc/arm-none-eabi/12.3.1/../../../../arm-none-eabi/lib/thumb/v7e-m+fp/hard\libc_nano.a(libc_a-nano-vfprintf_float.o) (_printf_common)
C:/ST/STM32CubeIDE_1.16.0/STM32CubeIDE/plugins/com.st.stm32cube.ide.mcu.externaltools.gnu-tools-for-stm32.12.3.rel1.win32_1.0.200.202406191623/tools/bin/../lib/gcc/arm-none-eabi/12.3.1/../../../../arm-none-eabi/lib/thumb/v7e-m+fp/hard\libc_nano.a(libc_a-findfp.o)
                              C:/ST/STM32CubeIDE_1.16.0/STM32CubeIDE/plugins/com.st.stm32cube.ide.mcu.externaltools.gnu-tools-for-stm32.12.3.rel1.win32_1.0.200.202406191623/tools/bin/../lib/gcc/arm-none-eabi/12.3.1/../../../../arm-none-eabi/lib/thumb/v7e-m+fp/hard\libc_nano.a(libc_a-exit.o) (__stdio_exit_handler)
C:/ST/STM32CubeIDE_1.16.0/STM32CubeIDE/plugins/com.st.stm32cube.ide.mcu.externaltools.gnu-tools-for-stm32.12.3.rel1.win32_1.0.200.202406191623/tools/bin/../lib/gcc/arm-none-eabi/12.3.1/../../../../arm-none-eabi/lib/thumb/v7e-m+fp/hard\libc_nano.a(libc_a-fwalk.o)
                              C:/ST/STM32CubeIDE_1.16.0/STM32CubeIDE/plugins/com.st.stm32cube.ide.mcu.externaltools.gnu-tools-for-stm32.12.3.rel1.win32_1.0.200.202406191623/tools/bin/../lib/gcc/arm-none-eabi/12.3.1/../../../../arm-none-eabi/lib/thumb/v7e-m+fp/hard\libc_nano.a(libc_a-findfp.o) (_fwalk_sglue)
C:/ST/STM32CubeIDE_1.16.0/STM32CubeIDE/plugins/com.st.stm32cube.ide.mcu.externaltools.gnu-tools-for-stm32.12.3.rel1.win32_1.0.200.202406191623/tools/bin/../lib/gcc/arm-none-eabi/12.3.1/../../../../arm-none-eabi/lib/thumb/v7e-m+fp/hard\libc_nano.a(libc_a-puts.o)
                              ./Core/Src/main.o (puts)
C:/ST/STM32CubeIDE_1.16.0/STM32CubeIDE/plugins/com.st.stm32cube.ide.mcu.externaltools.gnu-tools-for-stm32.12.3.rel1.win32_1.0.200.202406191623/tools/bin/../lib/gcc/arm-none-eabi/12.3.1/../../../../arm-none-eabi/lib/thumb/v7e-m+fp/hard\libc_nano.a(libc_a-snprintf.o)
                              ./Core/Src/main.o (snprintf)
[...]
Memory Configuration

Name             Origin             Length             Attributes
RAM              0x20000000         0x00020000         xrw
FLASH            0x08000000         0x00080000         xr
*default*        0x00000000         0xffffffff

Linker script and memory map

LOAD C:/ST/STM32CubeIDE_1.16.0/STM32CubeIDE/plugins/com.st.stm32cube.ide.mcu.externaltools.gnu-tools-for-stm32.12.3.rel1.win32_1.0.200.202406191623/tools/bin/../lib/gcc/arm-none-eabi/12.3.1/thumb/v7e-m+fp/hard/crti.o
LOAD C:/ST/STM32CubeIDE_1.16.0/STM32CubeIDE/plugins/com.st.stm32cube.ide.mcu.externaltools.gnu-tools-for-stm32.12.3.rel1.win32_1.0.200.202406191623/tools/bin/../lib/gcc/arm-none-eabi/12.3.1/thumb/v7e-m+fp/hard/crtbegin.o
LOAD C:/ST/STM32CubeIDE_1.16.0/STM32CubeIDE/plugins/com.st.stm32cube.ide.mcu.externaltools.gnu-tools-for-stm32.12.3.rel1.win32_1.0.200.202406191623/tools/bin/../lib/gcc/arm-none-eabi/12.3.1/../../../../arm-none-eabi/lib/thumb/v7e-m+fp/hard/crt0.o
LOAD ./Core/Src/bmi270.o
LOAD ./Core/Src/bmi270Config.o
LOAD ./Core/Src/dma.o
LOAD ./Core/Src/elrsToRcData.o
LOAD ./Core/Src/esc.o
LOAD ./Core/Src/expresslrs.o
LOAD ./Core/Src/flashMemoryConfig.o
LOAD ./Core/Src/gpio.o
LOAD ./Core/Src/imu.o
LOAD ./Core/Src/main.o
LOAD ./Core/Src/spi.o
LOAD ./Core/Src/stm32f4xx_hal_msp.o
LOAD ./Core/Src/stm32f4xx_it.o
LOAD ./Core/Src/sx1280.o
LOAD ./Core/Src/syscalls.o
LOAD ./Core/Src/sysmem.o
LOAD ./Core/Src/system_stm32f4xx.o
LOAD ./Core/Src/tim.o
LOAD ./Core/Startup/startup_stm32f411ceux.o
LOAD ./Drivers/STM32F4xx_HAL_Driver/Src/stm32f4xx_hal.o
LOAD ./Drivers/STM32F4xx_HAL_Driver/Src/stm32f4xx_hal_cortex.o
LOAD ./Drivers/STM32F4xx_HAL_Driver/Src/stm32f4xx_hal_dma.o
LOAD ./Drivers/STM32F4xx_HAL_Driver/Src/stm32f4xx_hal_dma_ex.o
LOAD ./Drivers/STM32F4xx_HAL_Driver/Src/stm32f4xx_hal_exti.o
LOAD ./Drivers/STM32F4xx_HAL_Driver/Src/stm32f4xx_hal_flash.o
LOAD ./Drivers/STM32F4xx_HAL_Driver/Src/stm32f4xx_hal_flash_ex.o
LOAD ./Drivers/STM32F4xx_HAL_Driver/Src/stm32f4xx_hal_flash_ramfunc.o
LOAD ./Drivers/STM32F4xx_HAL_Driver/Src/stm32f4xx_hal_gpio.o
LOAD ./Drivers/STM32F4xx_HAL_Driver/Src/stm32f4xx_hal_pcd.o
LOAD ./Drivers/STM32F4xx_HAL_Driver/Src/stm32f4xx_hal_pcd_ex.o
LOAD ./Drivers/STM32F4xx_HAL_Driver/Src/stm32f4xx_hal_pwr.o
LOAD ./Drivers/STM32F4xx_HAL_Driver/Src/stm32f4xx_hal_pwr_ex.o
LOAD ./Drivers/STM32F4xx_HAL_Driver/Src/stm32f4xx_hal_rcc.o
LOAD ./Drivers/STM32F4xx_HAL_Driver/Src/stm32f4xx_hal_rcc_ex.o
LOAD ./Drivers/STM32F4xx_HAL_Driver/Src/stm32f4xx_hal_spi.o
LOAD ./Drivers/STM32F4xx_HAL_Driver/Src/stm32f4xx_hal_tim.o
LOAD ./Drivers/STM32F4xx_HAL_Driver/Src/stm32f4xx_hal_tim_ex.o
LOAD ./Drivers/STM32F4xx_HAL_Driver/Src/stm32f4xx_ll_usb.o
LOAD ./Middlewares/ST/STM32_USB_Device_Library/Class/CDC/Src/usbd_cdc.o
LOAD ./Middlewares/ST/STM32_USB_Device_Library/Core/Src/usbd_core.o
LOAD ./Middlewares/ST/STM32_USB_Device_Library/Core/Src/usbd_ctlreq.o
LOAD ./Middlewares/ST/STM32_USB_Device_Library/Core/Src/usbd_ioreq.o
LOAD ./USB_DEVICE/App/usb_device.o
LOAD ./USB_DEVICE/App/usbd_cdc_if.o
LOAD ./USB_DEVICE/App/usbd_desc.o
LOAD ./USB_DEVICE/Target/usbd_conf.o
START GROUP
LOAD C:/ST/STM32CubeIDE_1.16.0/STM32CubeIDE/plugins/com.st.stm32cube.ide.mcu.externaltools.gnu-tools-for-stm32.12.3.rel1.win32_1.0.200.202406191623/tools/bin/../lib/gcc/arm-none-eabi/12.3.1/../../../../arm-none-eabi/lib/thumb/v7e-m+fp/hard\libc_nano.a
LOAD C:/ST/STM32CubeIDE_1.16.0/STM32CubeIDE/plugins/com.st.stm32cube.ide.mcu.externaltools.gnu-tools-for-stm32.12.3.rel1.win32_1.0.200.202406191623/tools/bin/../lib/gcc/arm-none-eabi/12.3.1/../../../../arm-none-eabi/lib/thumb/v7e-m+fp/hard\libm.a
END GROUP
START GROUP
LOAD C:/ST/STM32CubeIDE_1.16.0/STM32CubeIDE/plugins/com.st.stm32cube.ide.mcu.externaltools.gnu-tools-for-stm32.12.3.rel1.win32_1.0.200.202406191623/tools/bin/../lib/gcc/arm-none-eabi/12.3.1/thumb/v7e-m+fp/hard\libgcc.a
LOAD C:/ST/STM32CubeIDE_1.16.0/STM32CubeIDE/plugins/com.st.stm32cube.ide.mcu.externaltools.gnu-tools-for-stm32.12.3.rel1.win32_1.0.200.202406191623/tools/bin/../lib/gcc/arm-none-eabi/12.3.1/../../../../arm-none-eabi/lib/thumb/v7e-m+fp/hard\libc_nano.a
END GROUP
START GROUP
LOAD C:/ST/STM32CubeIDE_1.16.0/STM32CubeIDE/plugins/com.st.stm32cube.ide.mcu.externaltools.gnu-tools-for-stm32.12.3.rel1.win32_1.0.200.202406191623/tools/bin/../lib/gcc/arm-none-eabi/12.3.1/thumb/v7e-m+fp/hard\libgcc.a
LOAD C:/ST/STM32CubeIDE_1.16.0/STM32CubeIDE/plugins/com.st.stm32cube.ide.mcu.externaltools.gnu-tools-for-stm32.12.3.rel1.win32_1.0.200.202406191623/tools/bin/../lib/gcc/arm-none-eabi/12.3.1/../../../../arm-none-eabi/lib/thumb/v7e-m+fp/hard\libc_nano.a
LOAD C:/ST/STM32CubeIDE_1.16.0/STM32CubeIDE/plugins/com.st.stm32cube.ide.mcu.externaltools.gnu-tools-for-stm32.12.3.rel1.win32_1.0.200.202406191623/tools/bin/../lib/gcc/arm-none-eabi/12.3.1/../../../../arm-none-eabi/lib/thumb/v7e-m+fp/hard\libnosys.a
END GROUP
START GROUP
LOAD C:/ST/STM32CubeIDE_1.16.0/STM32CubeIDE/plugins/com.st.stm32cube.ide.mcu.externaltools.gnu-tools-for-stm32.12.3.rel1.win32_1.0.200.202406191623/tools/bin/../lib/gcc/arm-none-eabi/12.3.1/thumb/v7e-m+fp/hard\libgcc.a
LOAD C:/ST/STM32CubeIDE_1.16.0/STM32CubeIDE/plugins/com.st.stm32cube.ide.mcu.externaltools.gnu-tools-for-stm32.12.3.rel1.win32_1.0.200.202406191623/tools/bin/../lib/gcc/arm-none-eabi/12.3.1/../../../../arm-none-eabi/lib/thumb/v7e-m+fp/hard\libc_nano.a
LOAD C:/ST/STM32CubeIDE_1.16.0/STM32CubeIDE/plugins/com.st.stm32cube.ide.mcu.externaltools.gnu-tools-for-stm32.12.3.rel1.win32_1.0.200.202406191623/tools/bin/../lib/gcc/arm-none-eabi/12.3.1/../../../../arm-none-eabi/lib/thumb/v7e-m+fp/hard\libnosys.a
END GROUP
LOAD C:/ST/STM32CubeIDE_1.16.0/STM32CubeIDE/plugins/com.st.stm32cube.ide.mcu.externaltools.gnu-tools-for-stm32.12.3.rel1.win32_1.0.200.202406191623/tools/bin/../lib/gcc/arm-none-eabi/12.3.1/thumb/v7e-m+fp/hard/crtend.o
LOAD C:/ST/STM32CubeIDE_1.16.0/STM32CubeIDE/plugins/com.st.stm32cube.ide.mcu.externaltools.gnu-tools-for-stm32.12.3.rel1.win32_1.0.200.202406191623/tools/bin/../lib/gcc/arm-none-eabi/12.3.1/thumb/v7e-m+fp/hard/crtn.o
                0x20020000                        _estack = (ORIGIN (RAM) + LENGTH (RAM))
                0x00000200                        _Min_Heap_Size = 0x200
                0x00000400                        _Min_Stack_Size = 0x400

.isr_vector     0x08000000      0x198
                0x08000000                        . = ALIGN (0x4)
 *(.isr_vector)
 .isr_vector    0x08000000      0x198 ./Core/Startup/startup_stm32f411ceux.o
                0x08000000                g_pfnVectors
                0x08000198                        . = ALIGN (0x4)

.text           0x080001a0    0x1089c
                0x080001a0                        . = ALIGN (0x4)
 *(.text)
 .text          0x080001a0       0x40 C:/ST/STM32CubeIDE_1.16.0/STM32CubeIDE/plugins/com.st.stm32cube.ide.mcu.externaltools.gnu-tools-for-stm32.12.3.rel1.win32_1.0.200.202406191623/tools/bin/../lib/gcc/arm-none-eabi/12.3.1/thumb/v7e-m+fp/hard/crtbegin.o
 .text          0x080001e0       0xa0 C:/ST/STM32CubeIDE_1.16.0/STM32CubeIDE/plugins/com.st.stm32cube.ide.mcu.externaltools.gnu-tools-for-stm32.12.3.rel1.win32_1.0.200.202406191623/tools/bin/../lib/gcc/arm-none-eabi/12.3.1/../../../../arm-none-eabi/lib/thumb/v7e-m+fp/hard\libc_nano.a(libc_a-memchr.o)
                0x080001e0                memchr
 .text          0x08000280       0x10 C:/ST/STM32CubeIDE_1.16.0/STM32CubeIDE/plugins/com.st.stm32cube.ide.mcu.externaltools.gnu-tools-for-stm32.12.3.rel1.win32_1.0.200.202406191623/tools/bin/../lib/gcc/arm-none-eabi/12.3.1/../../../../arm-none-eabi/lib/thumb/v7e-m+fp/hard\libc_nano.a(libc_a-strlen.o)
                0x08000280                strlen
 .text          0x08000290      0x378 C:/ST/STM32CubeIDE_1.16.0/STM32CubeIDE/plugins/com.st.stm32cube.ide.mcu.externaltools.gnu-tools-for-stm32.12.3.rel1.win32_1.0.200.202406191623/tools/bin/../lib/gcc/arm-none-eabi/12.3.1/thumb/v7e-m+fp/hard\libgcc.a(_arm_addsubdf3.o)
                0x08000290                __aeabi_drsub
                0x08000298                __aeabi_dsub
                0x08000298                __subdf3
                0x0800029c                __aeabi_dadd
                0x0800029c                __adddf3
                0x08000514                __floatunsidf
                0x08000514                __aeabi_ui2d
                0x08000534                __floatsidf
                0x08000534                __aeabi_i2d
                0x08000558                __aeabi_f2d
                0x08000558                __extendsfdf2
                0x0800059c                __floatundidf
                0x0800059c                __aeabi_ul2d
                0x080005ac                __floatdidf
                0x080005ac                __aeabi_l2d
 .text          0x08000608      0x424 C:/ST/STM32CubeIDE_1.16.0/STM32CubeIDE/plugins/com.st.stm32cube.ide.mcu.externaltools.gnu-tools-for-stm32.12.3.rel1.win32_1.0.200.202406191623/tools/bin/../lib/gcc/arm-none-eabi/12.3.1/thumb/v7e-m+fp/hard\libgcc.a(_arm_muldivdf3.o)
                0x08000608                __aeabi_dmul
                0x08000608                __muldf3
                0x0800085c                __divdf3
                0x0800085c                __aeabi_ddiv
 .text          0x08000a2c      0x110 C:/ST/STM32CubeIDE_1.16.0/STM32CubeIDE/plugins/com.st.stm32cube.ide.mcu.externaltools.gnu-tools-for-stm32.12.3.rel1.win32_1.0.200.202406191623/tools/bin/../lib/gcc/arm-none-eabi/12.3.1/thumb/v7e-m+fp/hard\libgcc.a(_arm_cmpdf2.o)
                0x08000a2c                __gtdf2
                0x08000a2c                __gedf2
                0x08000a34                __ltdf2
                0x08000a34                __ledf2
                0x08000a3c                __nedf2
                0x08000a3c                __eqdf2
                0x08000a3c                __cmpdf2
                0x08000ab8                __aeabi_cdrcmple
                0x08000ac8                __aeabi_cdcmpeq
                0x08000ac8                __aeabi_cdcmple
                0x08000ad8                __aeabi_dcmpeq
                0x08000aec                __aeabi_dcmplt
                0x08000b00                __aeabi_dcmple
                0x08000b14                __aeabi_dcmpge
                0x08000b28                __aeabi_dcmpgt
 .text          0x08000b3c       0x2c C:/ST/STM32CubeIDE_1.16.0/STM32CubeIDE/plugins/com.st.stm32cube.ide.mcu.externaltools.gnu-tools-for-stm32.12.3.rel1.win32_1.0.200.202406191623/tools/bin/../lib/gcc/arm-none-eabi/12.3.1/thumb/v7e-m+fp/hard\libgcc.a(_arm_unorddf2.o)
                0x08000b3c                __unorddf2
                0x08000b3c                __aeabi_dcmpun
 .text          0x08000b68       0x50 C:/ST/STM32CubeIDE_1.16.0/STM32CubeIDE/plugins/com.st.stm32cube.ide.mcu.externaltools.gnu-tools-for-stm32.12.3.rel1.win32_1.0.200.202406191623/tools/bin/../lib/gcc/arm-none-eabi/12.3.1/thumb/v7e-m+fp/hard\libgcc.a(_arm_fixdfsi.o)
                0x08000b68                __aeabi_d2iz
                0x08000b68                __fixdfsi
 .text          0x08000bb8       0xa0 C:/ST/STM32CubeIDE_1.16.0/STM32CubeIDE/plugins/com.st.stm32cube.ide.mcu.externaltools.gnu-tools-for-stm32.12.3.rel1.win32_1.0.200.202406191623/tools/bin/../lib/gcc/arm-none-eabi/12.3.1/thumb/v7e-m+fp/hard\libgcc.a(_arm_truncdfsf2.o)
                0x08000bb8                __truncdfsf2
                0x08000bb8                __aeabi_d2f
 .text          0x08000c58       0x30 C:/ST/STM32CubeIDE_1.16.0/STM32CubeIDE/plugins/com.st.stm32cube.ide.mcu.externaltools.gnu-tools-for-stm32.12.3.rel1.win32_1.0.200.202406191623/tools/bin/../lib/gcc/arm-none-eabi/12.3.1/thumb/v7e-m+fp/hard\libgcc.a(_aeabi_uldivmod.o)
                0x08000c58                __aeabi_uldivmod
 .text          0x08000c88      0x2bc C:/ST/STM32CubeIDE_1.16.0/STM32CubeIDE/plugins/com.st.stm32cube.ide.mcu.externaltools.gnu-tools-for-stm32.12.3.rel1.win32_1.0.200.202406191623/tools/bin/../lib/gcc/arm-none-eabi/12.3.1/thumb/v7e-m+fp/hard\libgcc.a(_udivmoddi4.o)
                0x08000c88                __udivmoddi4
 .text          0x08000f44        0x4 C:/ST/STM32CubeIDE_1.16.0/STM32CubeIDE/plugins/com.st.stm32cube.ide.mcu.externaltools.gnu-tools-for-stm32.12.3.rel1.win32_1.0.200.202406191623/tools/bin/../lib/gcc/arm-none-eabi/12.3.1/thumb/v7e-m+fp/hard\libgcc.a(_dvmd_tls.o)
                0x08000f44                __aeabi_idiv0
                0x08000f44                __aeabi_ldiv0
 *(.text*)
 .text.cs_low   0x08000f48       0x18 ./Core/Src/bmi270.o
                0x08000f48                cs_low
 .text.cs_high  0x08000f60       0x18 ./Core/Src/bmi270.o
                0x08000f60                cs_high
 .text.BMI270ReadData
                0x08000f78      0x178 ./Core/Src/bmi270.o
                0x08000f78                BMI270ReadData
 .text.getCAS   0x080010f0       0x44 ./Core/Src/bmi270.o
                0x080010f0                getCAS
 .text.BMI270Init
                0x08001134       0xb0 ./Core/Src/bmi270.o
                0x08001134                BMI270Init
 .text.configureBMI270
                0x080011e4       0x5c ./Core/Src/bmi270.o
                0x080011e4                configureBMI270
 .text.configureBMI270EXTI
                0x08001240       0x2c ./Core/Src/bmi270.o
                0x08001240                configureBMI270EXTI
 .text.bmi270EnableSPI
                0x0800126c       0x1c ./Core/Src/bmi270.o
                0x0800126c                bmi270EnableSPI
 .text.read_register
                0x08001288       0x48 ./Core/Src/bmi270.o
                0x08001288                read_register
 .text.write_register
                0x080012d0       0x3c ./Core/Src/bmi270.o
                0x080012d0                write_register
 .text.burst_read
                0x0800130c       0x50 ./Core/Src/bmi270.o
                0x0800130c                burst_read
 .text.burst_transmit
                0x0800135c       0x30 ./Core/Src/bmi270.o
                0x0800135c                burst_transmit
 *fill*         0x0800138c        0x4 
 .text.lsb_to_mps2
                0x08001390       0xc8 ./Core/Src/bmi270.o
                0x08001390                lsb_to_mps2
 .text.lsb_to_dps
                0x08001458       0x7e ./Core/Src/bmi270.o
                0x08001458                lsb_to_dps
 *fill*         0x080014d6        0x2 
 .text.MX_DMA_Init
                0x080014d8       0x70 ./Core/Src/dma.o
                0x080014d8                MX_DMA_Init
 .text.unpackChannelDataHybridWide
                0x08001548       0x5c ./Core/Src/elrsToRcData.o
                0x08001548                unpackChannelDataHybridWide
 .text.unpackAnalogChannelData
                0x080015a4       0xbc ./Core/Src/elrsToRcData.o
                0x080015a4                unpackAnalogChannelData
 .text.convertSwitch1b
                0x08001660       0x26 ./Core/Src/elrsToRcData.o
                0x08001660                convertSwitch1b
 .text.convertSwitchNb
                0x08001686       0x42 ./Core/Src/elrsToRcData.o
                0x08001686                convertSwitchNb
 .text.hybridWideNonceToSwitchIndex
                0x080016c8       0x40 ./Core/Src/elrsToRcData.o
                0x080016c8                hybridWideNonceToSwitchIndex
 .text.updateESC
                0x08001708      0x188 ./Core/Src/esc.o
                0x08001708                updateESC
 .text.setMotorOutputs
                0x08001890       0x60 ./Core/Src/esc.o
                0x08001890                setMotorOutputs
 .text.dshot600
                0x080018f0       0xa4 ./Core/Src/esc.o
                0x080018f0                dshot600
 .text.constrain
                0x08001994       0x32 ./Core/Src/expresslrs.o
 *fill*         0x080019c6        0x2 
 .text.setBindingMode
                0x080019c8       0x40 ./Core/Src/expresslrs.o
                0x080019c8                setBindingMode
 .text.setPrescaleForRateIndex
                0x08001a08       0x88 ./Core/Src/expresslrs.o
                0x08001a08                setPrescaleForRateIndex
 .text.setLastClockTime
                0x08001a90       0x30 ./Core/Src/expresslrs.o
                0x08001a90                setLastClockTime
 .text.setLastPacketTime
                0x08001ac0       0x24 ./Core/Src/expresslrs.o
                0x08001ac0                setLastPacketTime
 .text.clockPhaseUpdate
                0x08001ae4      0x100 ./Core/Src/expresslrs.o
                0x08001ae4                clockPhaseUpdate
 .text.getOffset
                0x08001be4       0x18 ./Core/Src/expresslrs.o
                0x08001be4                getOffset
 .text.refreshExpressLRS
                0x08001bfc       0x80 ./Core/Src/expresslrs.o
                0x08001bfc                refreshExpressLRS
 .text.processRFPacket
                0x08001c7c      0x108 ./Core/Src/expresslrs.o
                0x08001c7c                processRFPacket
 .text.tentativeConnection
                0x08001d84       0x34 ./Core/Src/expresslrs.o
                0x08001d84                tentativeConnection
 .text.processBindPacket
                0x08001db8       0x54 ./Core/Src/expresslrs.o
                0x08001db8                processBindPacket
 .text.processSyncPacket
                0x08001e0c       0xf0 ./Core/Src/expresslrs.o
                0x08001e0c                processSyncPacket
 .text.writeCurrentConfigsToFlash
                0x08001efc       0x50 ./Core/Src/expresslrs.o
                0x08001efc                writeCurrentConfigsToFlash
 .text.initExpressLRS
                0x08001f4c       0xa0 ./Core/Src/expresslrs.o
                0x08001f4c                initExpressLRS
 .text.getPhaseDiff
                0x08001fec       0x18 ./Core/Src/expresslrs.o
                0x08001fec                getPhaseDiff
 .text.changeRateIndex
                0x08002004       0x7c ./Core/Src/expresslrs.o
                0x08002004                changeRateIndex
 .text.doFhssIrq
                0x08002080       0x64 ./Core/Src/expresslrs.o
                0x08002080                doFhssIrq
 .text.expressLrsSetRcDataFromPayload
                0x080020e4       0x20 ./Core/Src/expresslrs.o
                0x080020e4                expressLrsSetRcDataFromPayload
 .text.fhssGenSequence
                0x08002104      0x1b0 ./Core/Src/expresslrs.o
                0x08002104                fhssGenSequence
 .text.fhssGetInitialFreq
                0x080022b4       0x30 ./Core/Src/expresslrs.o
                0x080022b4                fhssGetInitialFreq
 .text.fhssGetNextFreq
                0x080022e4       0x60 ./Core/Src/expresslrs.o
                0x080022e4                fhssGetNextFreq
 .text.rngN     0x08002344       0x64 ./Core/Src/expresslrs.o
                0x08002344                rngN
 .text.airRateIndexToIndex24
                0x080023a8       0x7c ./Core/Src/expresslrs.o
                0x080023a8                airRateIndexToIndex24
 .text.initFlashMemoryConfig
                0x08002424       0x48 ./Core/Src/flashMemoryConfig.o
                0x08002424                initFlashMemoryConfig
 .text.readCurrentConfig
                0x0800246c       0xfc ./Core/Src/flashMemoryConfig.o
                0x0800246c                readCurrentConfig
 .text.writeNewConfig
                0x08002568       0xd0 ./Core/Src/flashMemoryConfig.o
                0x08002568                writeNewConfig
 .text.getFirstFreeAddress
                0x08002638       0x38 ./Core/Src/flashMemoryConfig.o
                0x08002638                getFirstFreeAddress
 .text.eraseFlashSector
                0x08002670       0x18 ./Core/Src/flashMemoryConfig.o
                0x08002670                eraseFlashSector
 .text.MX_GPIO_Init
                0x08002688      0x1c0 ./Core/Src/gpio.o
                0x08002688                MX_GPIO_Init
 .text.IMUInit  0x08002848        0xc ./Core/Src/imu.o
                0x08002848                IMUInit
 .text.readIMUData
                0x08002854       0x18 ./Core/Src/imu.o
                0x08002854                readIMUData
 .text.HAL_TIM_PeriodElapsedCallback
                0x0800286c       0x70 ./Core/Src/main.o
                0x0800286c                HAL_TIM_PeriodElapsedCallback
 .text.HAL_GPIO_EXTI_Callback
                0x080028dc      0x164 ./Core/Src/main.o
                0x080028dc                HAL_GPIO_EXTI_Callback
 .text.main     0x08002a40      0x170 ./Core/Src/main.o
                0x08002a40                main
 .text.SystemClock_Config
                0x08002bb0       0xd0 ./Core/Src/main.o
                0x08002bb0                SystemClock_Config
 .text.displayInts4
                0x08002c80       0x98 ./Core/Src/main.o
                0x08002c80                displayInts4
 .text.micros   0x08002d18       0x24 ./Core/Src/main.o
                0x08002d18                micros
 .text.getDeltaTime
                0x08002d3c       0x30 ./Core/Src/main.o
                0x08002d3c                getDeltaTime
 .text.Error_Handler
                0x08002d6c        0xc ./Core/Src/main.o
                0x08002d6c                Error_Handler
 .text.MX_SPI1_Init
                0x08002d78       0x6c ./Core/Src/spi.o
                0x08002d78                MX_SPI1_Init
 .text.MX_SPI3_Init
                0x08002de4       0x6c ./Core/Src/spi.o
                0x08002de4                MX_SPI3_Init
 .text.HAL_SPI_MspInit
                0x08002e50       0xfc ./Core/Src/spi.o
                0x08002e50                HAL_SPI_MspInit
 .text.HAL_MspInit
                0x08002f4c       0x50 ./Core/Src/stm32f4xx_hal_msp.o
                0x08002f4c                HAL_MspInit
 .text.NMI_Handler
                0x08002f9c        0x8 ./Core/Src/stm32f4xx_it.o
                0x08002f9c                NMI_Handler
 .text.HardFault_Handler
                0x08002fa4        0x8 ./Core/Src/stm32f4xx_it.o
                0x08002fa4                HardFault_Handler
 .text.MemManage_Handler
                0x08002fac        0x8 ./Core/Src/stm32f4xx_it.o
                0x08002fac                MemManage_Handler
 .text.BusFault_Handler
                0x08002fb4        0x8 ./Core/Src/stm32f4xx_it.o
                0x08002fb4                BusFault_Handler
 .text.UsageFault_Handler
                0x08002fbc        0x8 ./Core/Src/stm32f4xx_it.o
                0x08002fbc                UsageFault_Handler
 .text.SVC_Handler
                0x08002fc4        0xe ./Core/Src/stm32f4xx_it.o
                0x08002fc4                SVC_Handler
 .text.DebugMon_Handler
                0x08002fd2        0xe ./Core/Src/stm32f4xx_it.o
                0x08002fd2                DebugMon_Handler
 .text.PendSV_Handler
                0x08002fe0        0xe ./Core/Src/stm32f4xx_it.o
                0x08002fe0                PendSV_Handler
 .text.SysTick_Handler
                0x08002fee        0xc ./Core/Src/stm32f4xx_it.o
                0x08002fee                SysTick_Handler
 .text.EXTI2_IRQHandler
                0x08002ffa        0xe ./Core/Src/stm32f4xx_it.o
                0x08002ffa                EXTI2_IRQHandler
 .text.DMA1_Stream1_IRQHandler
                0x08003008       0x14 ./Core/Src/stm32f4xx_it.o
                0x08003008                DMA1_Stream1_IRQHandler
 .text.DMA1_Stream3_IRQHandler
                0x0800301c       0x14 ./Core/Src/stm32f4xx_it.o
                0x0800301c                DMA1_Stream3_IRQHandler
 .text.DMA1_Stream5_IRQHandler
                0x08003030       0x14 ./Core/Src/stm32f4xx_it.o
                0x08003030                DMA1_Stream5_IRQHandler
 .text.EXTI9_5_IRQHandler
                0x08003044        0xe ./Core/Src/stm32f4xx_it.o
                0x08003044                EXTI9_5_IRQHandler
 *fill*         0x08003052        0x2 
 .text.TIM1_BRK_TIM9_IRQHandler
                0x08003054       0x14 ./Core/Src/stm32f4xx_it.o
                0x08003054                TIM1_BRK_TIM9_IRQHandler
 .text.TIM1_UP_TIM10_IRQHandler
                0x08003068       0x14 ./Core/Src/stm32f4xx_it.o
                0x08003068                TIM1_UP_TIM10_IRQHandler
 .text.EXTI15_10_IRQHandler
                0x0800307c       0x10 ./Core/Src/stm32f4xx_it.o
                0x0800307c                EXTI15_10_IRQHandler
 .text.DMA1_Stream7_IRQHandler
                0x0800308c       0x14 ./Core/Src/stm32f4xx_it.o
                0x0800308c                DMA1_Stream7_IRQHandler
 .text.TIM5_IRQHandler
                0x080030a0       0x14 ./Core/Src/stm32f4xx_it.o
                0x080030a0                TIM5_IRQHandler
 .text.OTG_FS_IRQHandler
                0x080030b4       0x14 ./Core/Src/stm32f4xx_it.o
                0x080030b4                OTG_FS_IRQHandler
 .text.initSX1280
                0x080030c8       0x24 ./Core/Src/sx1280.o
                0x080030c8                initSX1280
 .text.setRFRate
                0x080030ec       0x74 ./Core/Src/sx1280.o
                0x080030ec                setRFRate
 .text.setRXModeNoTimeout
                0x08003160       0x20 ./Core/Src/sx1280.o
                0x08003160                setRXModeNoTimeout
 .text.configureInterrupts
                0x08003180       0x28 ./Core/Src/sx1280.o
                0x08003180                configureInterrupts
 .text.setLORAPacketParameters
                0x080031a8       0x54 ./Core/Src/sx1280.o
                0x080031a8                setLORAPacketParameters
 .text.setLORAModParameters
                0x080031fc       0x96 ./Core/Src/sx1280.o
                0x080031fc                setLORAModParameters
 .text.setStandby
                0x08003292       0x1c ./Core/Src/sx1280.o
                0x08003292                setStandby
 .text.setPacketTypeLORA
                0x080032ae       0x1e ./Core/Src/sx1280.o
                0x080032ae                setPacketTypeLORA
 .text.writeRFFrequency
                0x080032cc       0x36 ./Core/Src/sx1280.o
                0x080032cc                writeRFFrequency
 .text.writeRegister
                0x08003302       0x3c ./Core/Src/sx1280.o
                0x08003302                writeRegister
 *fill*         0x0800333e        0x2 
 .text.readRegister
                0x08003340       0x70 ./Core/Src/sx1280.o
                0x08003340                readRegister
 .text.setHighPower
                0x080033b0       0x22 ./Core/Src/sx1280.o
                0x080033b0                setHighPower
 *fill*         0x080033d2        0x2 
 .text.sendSPIBuffer
                0x080033d4       0x44 ./Core/Src/sx1280.o
                0x080033d4                sendSPIBuffer
 .text._getpid  0x08003418       0x10 ./Core/Src/syscalls.o
                0x08003418                _getpid
 .text._kill    0x08003428       0x20 ./Core/Src/syscalls.o
                0x08003428                _kill
 .text._exit    0x08003448       0x16 ./Core/Src/syscalls.o
                0x08003448                _exit
 .text._read    0x0800345e       0x3a ./Core/Src/syscalls.o
                0x0800345e                _read
 .text._write   0x08003498       0x38 ./Core/Src/syscalls.o
                0x08003498                _write
 .text._close   0x080034d0       0x18 ./Core/Src/syscalls.o
                0x080034d0                _close
 .text._fstat   0x080034e8       0x20 ./Core/Src/syscalls.o
                0x080034e8                _fstat
 .text._isatty  0x08003508       0x16 ./Core/Src/syscalls.o
                0x08003508                _isatty
 .text._lseek   0x0800351e       0x1a ./Core/Src/syscalls.o
                0x0800351e                _lseek
 .text._sbrk    0x08003538       0x6c ./Core/Src/sysmem.o
                0x08003538                _sbrk
 .text.SystemInit
                0x080035a4       0x24 ./Core/Src/system_stm32f4xx.o
                0x080035a4                SystemInit
 .text.MX_TIM2_Init
                0x080035c8      0x100 ./Core/Src/tim.o
                0x080035c8                MX_TIM2_Init
 .text.MX_TIM3_Init
                0x080036c8       0xb0 ./Core/Src/tim.o
                0x080036c8                MX_TIM3_Init
 .text.MX_TIM4_Init
                0x08003778      0x100 ./Core/Src/tim.o
                0x08003778                MX_TIM4_Init
 .text.MX_TIM5_Init
                0x08003878       0x9c ./Core/Src/tim.o
                0x08003878                MX_TIM5_Init
 .text.MX_TIM9_Init
                0x08003914       0x74 ./Core/Src/tim.o
                0x08003914                MX_TIM9_Init
 .text.MX_TIM10_Init
                0x08003988       0x48 ./Core/Src/tim.o
                0x08003988                MX_TIM10_Init
 .text.HAL_TIM_Base_MspInit
                0x080039d0      0x320 ./Core/Src/tim.o
                0x080039d0                HAL_TIM_Base_MspInit
 .text.HAL_TIM_PWM_MspInit
                0x08003cf0       0x44 ./Core/Src/tim.o
                0x08003cf0                HAL_TIM_PWM_MspInit
 .text.HAL_TIM_MspPostInit
                0x08003d34      0x14c ./Core/Src/tim.o
                0x08003d34                HAL_TIM_MspPostInit
 .text.Reset_Handler
                0x08003e80       0x50 ./Core/Startup/startup_stm32f411ceux.o
                0x08003e80                Reset_Handler
 .text.Default_Handler
                0x08003ed0        0x2 ./Core/Startup/startup_stm32f411ceux.o
                0x08003ed0                RTC_Alarm_IRQHandler
                0x08003ed0                SPI4_IRQHandler
                0x08003ed0                TIM1_CC_IRQHandler
                0x08003ed0                DMA2_Stream5_IRQHandler
                0x08003ed0                PVD_IRQHandler
                0x08003ed0                SDIO_IRQHandler
                0x08003ed0                TAMP_STAMP_IRQHandler
                0x08003ed0                EXTI3_IRQHandler
                0x08003ed0                I2C3_ER_IRQHandler
                0x08003ed0                EXTI0_IRQHandler
                0x08003ed0                I2C2_EV_IRQHandler
                0x08003ed0                DMA1_Stream2_IRQHandler
                0x08003ed0                FPU_IRQHandler
                0x08003ed0                DMA2_Stream2_IRQHandler
                0x08003ed0                SPI1_IRQHandler
                0x08003ed0                DMA2_Stream3_IRQHandler
                0x08003ed0                USART6_IRQHandler
                0x08003ed0                DMA2_Stream0_IRQHandler
                0x08003ed0                TIM4_IRQHandler
                0x08003ed0                I2C1_EV_IRQHandler
                0x08003ed0                DMA1_Stream6_IRQHandler
                0x08003ed0                TIM3_IRQHandler
                0x08003ed0                RCC_IRQHandler
                0x08003ed0                Default_Handler
                0x08003ed0                ADC_IRQHandler
                0x08003ed0                SPI5_IRQHandler
                0x08003ed0                DMA2_Stream7_IRQHandler
                0x08003ed0                I2C3_EV_IRQHandler
                0x08003ed0                RTC_WKUP_IRQHandler
                0x08003ed0                SPI2_IRQHandler
                0x08003ed0                DMA1_Stream0_IRQHandler
                0x08003ed0                EXTI4_IRQHandler
                0x08003ed0                WWDG_IRQHandler
                0x08003ed0                TIM2_IRQHandler
                0x08003ed0                OTG_FS_WKUP_IRQHandler
                0x08003ed0                TIM1_TRG_COM_TIM11_IRQHandler
                0x08003ed0                EXTI1_IRQHandler
                0x08003ed0                USART2_IRQHandler
                0x08003ed0                I2C2_ER_IRQHandler
                0x08003ed0                DMA2_Stream1_IRQHandler
                0x08003ed0                FLASH_IRQHandler
                0x08003ed0                DMA2_Stream4_IRQHandler
                0x08003ed0                USART1_IRQHandler
                0x08003ed0                SPI3_IRQHandler
                0x08003ed0                DMA1_Stream4_IRQHandler
                0x08003ed0                I2C1_ER_IRQHandler
                0x08003ed0                DMA2_Stream6_IRQHandler
 *fill*         0x08003ed2        0x2 
 .text.HAL_Init
                0x08003ed4       0x44 ./Drivers/STM32F4xx_HAL_Driver/Src/stm32f4xx_hal.o
                0x08003ed4                HAL_Init
 .text.HAL_InitTick
                0x08003f18       0x60 ./Drivers/STM32F4xx_HAL_Driver/Src/stm32f4xx_hal.o
                0x08003f18                HAL_InitTick
 .text.HAL_IncTick
                0x08003f78       0x28 ./Drivers/STM32F4xx_HAL_Driver/Src/stm32f4xx_hal.o
                0x08003f78                HAL_IncTick
 .text.HAL_GetTick
                0x08003fa0       0x18 ./Drivers/STM32F4xx_HAL_Driver/Src/stm32f4xx_hal.o
                0x08003fa0                HAL_GetTick
 .text.HAL_Delay
                0x08003fb8       0x48 ./Drivers/STM32F4xx_HAL_Driver/Src/stm32f4xx_hal.o
                0x08003fb8                HAL_Delay
 .text.__NVIC_SetPriorityGrouping
                0x08004000       0x48 ./Drivers/STM32F4xx_HAL_Driver/Src/stm32f4xx_hal_cortex.o
 .text.__NVIC_GetPriorityGrouping
                0x08004048       0x1c ./Drivers/STM32F4xx_HAL_Driver/Src/stm32f4xx_hal_cortex.o
 .text.__NVIC_EnableIRQ
                0x08004064       0x3c ./Drivers/STM32F4xx_HAL_Driver/Src/stm32f4xx_hal_cortex.o
 .text.__NVIC_SetPriority
                0x080040a0       0x54 ./Drivers/STM32F4xx_HAL_Driver/Src/stm32f4xx_hal_cortex.o
 .text.NVIC_EncodePriority
                0x080040f4       0x66 ./Drivers/STM32F4xx_HAL_Driver/Src/stm32f4xx_hal_cortex.o
 *fill*         0x0800415a        0x2 
 .text.SysTick_Config
                0x0800415c       0x44 ./Drivers/STM32F4xx_HAL_Driver/Src/stm32f4xx_hal_cortex.o
 .text.HAL_NVIC_SetPriorityGrouping
                0x080041a0       0x16 ./Drivers/STM32F4xx_HAL_Driver/Src/stm32f4xx_hal_cortex.o
                0x080041a0                HAL_NVIC_SetPriorityGrouping
 .text.HAL_NVIC_SetPriority
                0x080041b6       0x38 ./Drivers/STM32F4xx_HAL_Driver/Src/stm32f4xx_hal_cortex.o
                0x080041b6                HAL_NVIC_SetPriority
 .text.HAL_NVIC_EnableIRQ
                0x080041ee       0x1c ./Drivers/STM32F4xx_HAL_Driver/Src/stm32f4xx_hal_cortex.o
                0x080041ee                HAL_NVIC_EnableIRQ
 .text.HAL_SYSTICK_Config
                0x0800420a       0x18 ./Drivers/STM32F4xx_HAL_Driver/Src/stm32f4xx_hal_cortex.o
                0x0800420a                HAL_SYSTICK_Config
 *fill*         0x08004222        0x2 
 .text.HAL_DMA_Init
                0x08004224      0x15c ./Drivers/STM32F4xx_HAL_Driver/Src/stm32f4xx_hal_dma.o
                0x08004224                HAL_DMA_Init
 .text.HAL_DMA_Start_IT
                0x08004380       0xb0 ./Drivers/STM32F4xx_HAL_Driver/Src/stm32f4xx_hal_dma.o
                0x08004380                HAL_DMA_Start_IT
 .text.HAL_DMA_IRQHandler
                0x08004430      0x314 ./Drivers/STM32F4xx_HAL_Driver/Src/stm32f4xx_hal_dma.o
                0x08004430                HAL_DMA_IRQHandler
 .text.DMA_SetConfig
                0x08004744       0x5c ./Drivers/STM32F4xx_HAL_Driver/Src/stm32f4xx_hal_dma.o
 .text.DMA_CalcBaseAndBitshift
                0x080047a0       0x6c ./Drivers/STM32F4xx_HAL_Driver/Src/stm32f4xx_hal_dma.o
 .text.DMA_CheckFifoParam
                0x0800480c       0xf8 ./Drivers/STM32F4xx_HAL_Driver/Src/stm32f4xx_hal_dma.o
 .text.HAL_FLASH_Program
                0x08004904       0xa8 ./Drivers/STM32F4xx_HAL_Driver/Src/stm32f4xx_hal_flash.o
                0x08004904                HAL_FLASH_Program
 .text.HAL_FLASH_Unlock
                0x080049ac       0x44 ./Drivers/STM32F4xx_HAL_Driver/Src/stm32f4xx_hal_flash.o
                0x080049ac                HAL_FLASH_Unlock
 .text.HAL_FLASH_Lock
                0x080049f0       0x20 ./Drivers/STM32F4xx_HAL_Driver/Src/stm32f4xx_hal_flash.o
                0x080049f0                HAL_FLASH_Lock
 .text.FLASH_WaitForLastOperation
                0x08004a10       0x80 ./Drivers/STM32F4xx_HAL_Driver/Src/stm32f4xx_hal_flash.o
                0x08004a10                FLASH_WaitForLastOperation
 .text.FLASH_Program_DoubleWord
                0x08004a90       0x64 ./Drivers/STM32F4xx_HAL_Driver/Src/stm32f4xx_hal_flash.o
 .text.FLASH_Program_Word
                0x08004af4       0x44 ./Drivers/STM32F4xx_HAL_Driver/Src/stm32f4xx_hal_flash.o
 .text.FLASH_Program_HalfWord
                0x08004b38       0x48 ./Drivers/STM32F4xx_HAL_Driver/Src/stm32f4xx_hal_flash.o
 .text.FLASH_Program_Byte
                0x08004b80       0x44 ./Drivers/STM32F4xx_HAL_Driver/Src/stm32f4xx_hal_flash.o
 .text.FLASH_SetErrorCode
                0x08004bc4       0xcc ./Drivers/STM32F4xx_HAL_Driver/Src/stm32f4xx_hal_flash.o
 .text.FLASH_Erase_Sector
                0x08004c90       0x90 ./Drivers/STM32F4xx_HAL_Driver/Src/stm32f4xx_hal_flash_ex.o
                0x08004c90                FLASH_Erase_Sector
 .text.HAL_GPIO_Init
                0x08004d20      0x308 ./Drivers/STM32F4xx_HAL_Driver/Src/stm32f4xx_hal_gpio.o
                0x08004d20                HAL_GPIO_Init
 .text.HAL_GPIO_WritePin
                0x08005028       0x32 ./Drivers/STM32F4xx_HAL_Driver/Src/stm32f4xx_hal_gpio.o
                0x08005028                HAL_GPIO_WritePin
 .text.HAL_GPIO_TogglePin
                0x0800505a       0x34 ./Drivers/STM32F4xx_HAL_Driver/Src/stm32f4xx_hal_gpio.o
                0x0800505a                HAL_GPIO_TogglePin
 *fill*         0x0800508e        0x2 
 .text.HAL_GPIO_EXTI_IRQHandler
                0x08005090       0x30 ./Drivers/STM32F4xx_HAL_Driver/Src/stm32f4xx_hal_gpio.o
                0x08005090                HAL_GPIO_EXTI_IRQHandler
 .text.HAL_PCD_Init
                0x080050c0      0x21e ./Drivers/STM32F4xx_HAL_Driver/Src/stm32f4xx_hal_pcd.o
                0x080050c0                HAL_PCD_Init
 .text.HAL_PCD_Start
                0x080052de       0x6a ./Drivers/STM32F4xx_HAL_Driver/Src/stm32f4xx_hal_pcd.o
                0x080052de                HAL_PCD_Start
 .text.HAL_PCD_IRQHandler
                0x08005348      0x942 ./Drivers/STM32F4xx_HAL_Driver/Src/stm32f4xx_hal_pcd.o
                0x08005348                HAL_PCD_IRQHandler
 .text.HAL_PCD_SetAddress
                0x08005c8a       0x48 ./Drivers/STM32F4xx_HAL_Driver/Src/stm32f4xx_hal_pcd.o
                0x08005c8a                HAL_PCD_SetAddress
 .text.HAL_PCD_EP_Open
                0x08005cd2       0xd0 ./Drivers/STM32F4xx_HAL_Driver/Src/stm32f4xx_hal_pcd.o
                0x08005cd2                HAL_PCD_EP_Open
 .text.HAL_PCD_EP_Close
                0x08005da2       0x94 ./Drivers/STM32F4xx_HAL_Driver/Src/stm32f4xx_hal_pcd.o
                0x08005da2                HAL_PCD_EP_Close
 .text.HAL_PCD_EP_Receive
                0x08005e36       0x76 ./Drivers/STM32F4xx_HAL_Driver/Src/stm32f4xx_hal_pcd.o
                0x08005e36                HAL_PCD_EP_Receive
 .text.HAL_PCD_EP_GetRxCount
                0x08005eac       0x30 ./Drivers/STM32F4xx_HAL_Driver/Src/stm32f4xx_hal_pcd.o
                0x08005eac                HAL_PCD_EP_GetRxCount
 .text.HAL_PCD_EP_Transmit
                0x08005edc       0x74 ./Drivers/STM32F4xx_HAL_Driver/Src/stm32f4xx_hal_pcd.o
                0x08005edc                HAL_PCD_EP_Transmit
 .text.HAL_PCD_EP_SetStall
                0x08005f50       0xc6 ./Drivers/STM32F4xx_HAL_Driver/Src/stm32f4xx_hal_pcd.o
                0x08005f50                HAL_PCD_EP_SetStall
 .text.HAL_PCD_EP_ClrStall
                0x08006016       0xac ./Drivers/STM32F4xx_HAL_Driver/Src/stm32f4xx_hal_pcd.o
                0x08006016                HAL_PCD_EP_ClrStall
 .text.HAL_PCD_EP_Abort
                0x080060c2       0x62 ./Drivers/STM32F4xx_HAL_Driver/Src/stm32f4xx_hal_pcd.o
                0x080060c2                HAL_PCD_EP_Abort
 .text.PCD_WriteEmptyTxFifo
                0x08006124      0x118 ./Drivers/STM32F4xx_HAL_Driver/Src/stm32f4xx_hal_pcd.o
 .text.PCD_EP_OutXfrComplete_int
                0x0800623c      0x1d0 ./Drivers/STM32F4xx_HAL_Driver/Src/stm32f4xx_hal_pcd.o
 .text.PCD_EP_OutSetupPacket_int
                0x0800640c       0x8c ./Drivers/STM32F4xx_HAL_Driver/Src/stm32f4xx_hal_pcd.o
 .text.HAL_PCDEx_SetTxFiFo
                0x08006498       0x8e ./Drivers/STM32F4xx_HAL_Driver/Src/stm32f4xx_hal_pcd_ex.o
                0x08006498                HAL_PCDEx_SetTxFiFo
 .text.HAL_PCDEx_SetRxFiFo
                0x08006526       0x22 ./Drivers/STM32F4xx_HAL_Driver/Src/stm32f4xx_hal_pcd_ex.o
                0x08006526                HAL_PCDEx_SetRxFiFo
 .text.HAL_PCDEx_LPM_Callback
                0x08006548       0x18 ./Drivers/STM32F4xx_HAL_Driver/Src/stm32f4xx_hal_pcd_ex.o
                0x08006548                HAL_PCDEx_LPM_Callback
 .text.HAL_RCC_OscConfig
                0x08006560      0x4f0 ./Drivers/STM32F4xx_HAL_Driver/Src/stm32f4xx_hal_rcc.o
                0x08006560                HAL_RCC_OscConfig
 .text.HAL_RCC_ClockConfig
                0x08006a50      0x1cc ./Drivers/STM32F4xx_HAL_Driver/Src/stm32f4xx_hal_rcc.o
                0x08006a50                HAL_RCC_ClockConfig
 .text.HAL_RCC_GetSysClockFreq
                0x08006c1c      0x20c ./Drivers/STM32F4xx_HAL_Driver/Src/stm32f4xx_hal_rcc.o
                0x08006c1c                HAL_RCC_GetSysClockFreq
 .text.HAL_RCC_GetHCLKFreq
                0x08006e28       0x18 ./Drivers/STM32F4xx_HAL_Driver/Src/stm32f4xx_hal_rcc.o
                0x08006e28                HAL_RCC_GetHCLKFreq
 .text.HAL_SPI_Init
                0x08006e40      0x112 ./Drivers/STM32F4xx_HAL_Driver/Src/stm32f4xx_hal_spi.o
                0x08006e40                HAL_SPI_Init
 .text.HAL_SPI_Transmit
                0x08006f52      0x286 ./Drivers/STM32F4xx_HAL_Driver/Src/stm32f4xx_hal_spi.o
                0x08006f52                HAL_SPI_Transmit
 .text.HAL_SPI_Receive
                0x080071d8      0x230 ./Drivers/STM32F4xx_HAL_Driver/Src/stm32f4xx_hal_spi.o
                0x080071d8                HAL_SPI_Receive
 .text.HAL_SPI_TransmitReceive
                0x08007408      0x360 ./Drivers/STM32F4xx_HAL_Driver/Src/stm32f4xx_hal_spi.o
                0x08007408                HAL_SPI_TransmitReceive
 .text.SPI_WaitFlagStateUntilTimeout
                0x08007768      0x110 ./Drivers/STM32F4xx_HAL_Driver/Src/stm32f4xx_hal_spi.o
 .text.SPI_EndRxTransaction
                0x08007878       0xca ./Drivers/STM32F4xx_HAL_Driver/Src/stm32f4xx_hal_spi.o
 *fill*         0x08007942        0x2 
 .text.SPI_EndRxTxTransaction
                0x08007944       0xa8 ./Drivers/STM32F4xx_HAL_Driver/Src/stm32f4xx_hal_spi.o
 .text.HAL_TIM_Base_Init
                0x080079ec       0x9e ./Drivers/STM32F4xx_HAL_Driver/Src/stm32f4xx_hal_tim.o
                0x080079ec                HAL_TIM_Base_Init
 *fill*         0x08007a8a        0x2 
 .text.HAL_TIM_Base_Start_IT
                0x08007a8c       0xc4 ./Drivers/STM32F4xx_HAL_Driver/Src/stm32f4xx_hal_tim.o
                0x08007a8c                HAL_TIM_Base_Start_IT
 .text.HAL_TIM_PWM_Init
                0x08007b50       0x9e ./Drivers/STM32F4xx_HAL_Driver/Src/stm32f4xx_hal_tim.o
                0x08007b50                HAL_TIM_PWM_Init
 *fill*         0x08007bee        0x2 
 .text.HAL_TIM_PWM_Start
                0x08007bf0      0x160 ./Drivers/STM32F4xx_HAL_Driver/Src/stm32f4xx_hal_tim.o
                0x08007bf0                HAL_TIM_PWM_Start
 .text.HAL_TIM_PWM_Start_DMA
                0x08007d50      0x360 ./Drivers/STM32F4xx_HAL_Driver/Src/stm32f4xx_hal_tim.o
                0x08007d50                HAL_TIM_PWM_Start_DMA
 .text.HAL_TIM_IRQHandler
                0x080080b0      0x1e0 ./Drivers/STM32F4xx_HAL_Driver/Src/stm32f4xx_hal_tim.o
                0x080080b0                HAL_TIM_IRQHandler
 .text.HAL_TIM_PWM_ConfigChannel
                0x08008290      0x184 ./Drivers/STM32F4xx_HAL_Driver/Src/stm32f4xx_hal_tim.o
                0x08008290                HAL_TIM_PWM_ConfigChannel
 .text.HAL_TIM_ConfigClockSource
                0x08008414      0x18e ./Drivers/STM32F4xx_HAL_Driver/Src/stm32f4xx_hal_tim.o
                0x08008414                HAL_TIM_ConfigClockSource
 .text.HAL_TIM_OC_DelayElapsedCallback
                0x080085a2       0x14 ./Drivers/STM32F4xx_HAL_Driver/Src/stm32f4xx_hal_tim.o
                0x080085a2                HAL_TIM_OC_DelayElapsedCallback
 .text.HAL_TIM_IC_CaptureCallback
                0x080085b6       0x14 ./Drivers/STM32F4xx_HAL_Driver/Src/stm32f4xx_hal_tim.o
                0x080085b6                HAL_TIM_IC_CaptureCallback
 .text.HAL_TIM_PWM_PulseFinishedCallback
                0x080085ca       0x14 ./Drivers/STM32F4xx_HAL_Driver/Src/stm32f4xx_hal_tim.o
                0x080085ca                HAL_TIM_PWM_PulseFinishedCallback
 .text.HAL_TIM_PWM_PulseFinishedHalfCpltCallback
                0x080085de       0x14 ./Drivers/STM32F4xx_HAL_Driver/Src/stm32f4xx_hal_tim.o
                0x080085de                HAL_TIM_PWM_PulseFinishedHalfCpltCallback
 .text.HAL_TIM_TriggerCallback
                0x080085f2       0x14 ./Drivers/STM32F4xx_HAL_Driver/Src/stm32f4xx_hal_tim.o
                0x080085f2                HAL_TIM_TriggerCallback
 .text.HAL_TIM_ErrorCallback
                0x08008606       0x14 ./Drivers/STM32F4xx_HAL_Driver/Src/stm32f4xx_hal_tim.o
                0x08008606                HAL_TIM_ErrorCallback
 .text.TIM_DMAError
                0x0800861a       0x92 ./Drivers/STM32F4xx_HAL_Driver/Src/stm32f4xx_hal_tim.o
                0x0800861a                TIM_DMAError
 .text.TIM_DMADelayPulseCplt
                0x080086ac       0xa8 ./Drivers/STM32F4xx_HAL_Driver/Src/stm32f4xx_hal_tim.o
 .text.TIM_DMADelayPulseHalfCplt
                0x08008754       0x68 ./Drivers/STM32F4xx_HAL_Driver/Src/stm32f4xx_hal_tim.o
                0x08008754                TIM_DMADelayPulseHalfCplt
 .text.TIM_Base_SetConfig
                0x080087bc      0x118 ./Drivers/STM32F4xx_HAL_Driver/Src/stm32f4xx_hal_tim.o
                0x080087bc                TIM_Base_SetConfig
 .text.TIM_OC1_SetConfig
                0x080088d4       0xcc ./Drivers/STM32F4xx_HAL_Driver/Src/stm32f4xx_hal_tim.o
 .text.TIM_OC2_SetConfig
                0x080089a0       0xd8 ./Drivers/STM32F4xx_HAL_Driver/Src/stm32f4xx_hal_tim.o
                0x080089a0                TIM_OC2_SetConfig
 .text.TIM_OC3_SetConfig
                0x08008a78       0xd4 ./Drivers/STM32F4xx_HAL_Driver/Src/stm32f4xx_hal_tim.o
 .text.TIM_OC4_SetConfig
                0x08008b4c       0xa0 ./Drivers/STM32F4xx_HAL_Driver/Src/stm32f4xx_hal_tim.o
 .text.TIM_TI1_ConfigInputStage
                0x08008bec       0x5e ./Drivers/STM32F4xx_HAL_Driver/Src/stm32f4xx_hal_tim.o
 .text.TIM_TI2_ConfigInputStage
                0x08008c4a       0x60 ./Drivers/STM32F4xx_HAL_Driver/Src/stm32f4xx_hal_tim.o
 .text.TIM_ITRx_SetConfig
                0x08008caa       0x36 ./Drivers/STM32F4xx_HAL_Driver/Src/stm32f4xx_hal_tim.o
 .text.TIM_ETR_SetConfig
                0x08008ce0       0x40 ./Drivers/STM32F4xx_HAL_Driver/Src/stm32f4xx_hal_tim.o
                0x08008ce0                TIM_ETR_SetConfig
 .text.TIM_CCxChannelCmd
                0x08008d20       0x4a ./Drivers/STM32F4xx_HAL_Driver/Src/stm32f4xx_hal_tim.o
                0x08008d20                TIM_CCxChannelCmd
 *fill*         0x08008d6a        0x2 
 .text.HAL_TIMEx_MasterConfigSynchronization
                0x08008d6c       0xdc ./Drivers/STM32F4xx_HAL_Driver/Src/stm32f4xx_hal_tim_ex.o
                0x08008d6c                HAL_TIMEx_MasterConfigSynchronization
 .text.HAL_TIMEx_CommutCallback
                0x08008e48       0x14 ./Drivers/STM32F4xx_HAL_Driver/Src/stm32f4xx_hal_tim_ex.o
                0x08008e48                HAL_TIMEx_CommutCallback
 .text.HAL_TIMEx_BreakCallback
                0x08008e5c       0x14 ./Drivers/STM32F4xx_HAL_Driver/Src/stm32f4xx_hal_tim_ex.o
                0x08008e5c                HAL_TIMEx_BreakCallback
 .text.USB_CoreInit
                0x08008e70       0xc8 ./Drivers/STM32F4xx_HAL_Driver/Src/stm32f4xx_ll_usb.o
                0x08008e70                USB_CoreInit
 .text.USB_SetTurnaroundTime
                0x08008f38      0x144 ./Drivers/STM32F4xx_HAL_Driver/Src/stm32f4xx_ll_usb.o
                0x08008f38                USB_SetTurnaroundTime
 .text.USB_EnableGlobalInt
                0x0800907c       0x22 ./Drivers/STM32F4xx_HAL_Driver/Src/stm32f4xx_ll_usb.o
                0x0800907c                USB_EnableGlobalInt
 .text.USB_DisableGlobalInt
                0x0800909e       0x22 ./Drivers/STM32F4xx_HAL_Driver/Src/stm32f4xx_ll_usb.o
                0x0800909e                USB_DisableGlobalInt
 .text.USB_SetCurrentMode
                0x080090c0       0x98 ./Drivers/STM32F4xx_HAL_Driver/Src/stm32f4xx_ll_usb.o
                0x080090c0                USB_SetCurrentMode
 .text.USB_DevInit
                0x08009158      0x2c8 ./Drivers/STM32F4xx_HAL_Driver/Src/stm32f4xx_ll_usb.o
                0x08009158                USB_DevInit
 .text.USB_FlushTxFifo
                0x08009420       0x64 ./Drivers/STM32F4xx_HAL_Driver/Src/stm32f4xx_ll_usb.o
                0x08009420                USB_FlushTxFifo
 .text.USB_FlushRxFifo
                0x08009484       0x5c ./Drivers/STM32F4xx_HAL_Driver/Src/stm32f4xx_ll_usb.o
                0x08009484                USB_FlushRxFifo
 .text.USB_SetDevSpeed
                0x080094e0       0x32 ./Drivers/STM32F4xx_HAL_Driver/Src/stm32f4xx_ll_usb.o
                0x080094e0                USB_SetDevSpeed
 .text.USB_GetDevSpeed
                0x08009512       0x4a ./Drivers/STM32F4xx_HAL_Driver/Src/stm32f4xx_ll_usb.o
                0x08009512                USB_GetDevSpeed
 .text.USB_ActivateEndpoint
                0x0800955c      0x10e ./Drivers/STM32F4xx_HAL_Driver/Src/stm32f4xx_ll_usb.o
                0x0800955c                USB_ActivateEndpoint
 *fill*         0x0800966a        0x2 
 .text.USB_DeactivateEndpoint
                0x0800966c      0x1b8 ./Drivers/STM32F4xx_HAL_Driver/Src/stm32f4xx_ll_usb.o
                0x0800966c                USB_DeactivateEndpoint
 .text.USB_EPStartXfer
                0x08009824      0x530 ./Drivers/STM32F4xx_HAL_Driver/Src/stm32f4xx_ll_usb.o
                0x08009824                USB_EPStartXfer
 .text.USB_EPStopXfer
                0x08009d54      0x154 ./Drivers/STM32F4xx_HAL_Driver/Src/stm32f4xx_ll_usb.o
                0x08009d54                USB_EPStopXfer
 .text.USB_WritePacket
                0x08009ea8       0x7c ./Drivers/STM32F4xx_HAL_Driver/Src/stm32f4xx_ll_usb.o
                0x08009ea8                USB_WritePacket
 .text.USB_ReadPacket
                0x08009f24       0xb0 ./Drivers/STM32F4xx_HAL_Driver/Src/stm32f4xx_ll_usb.o
                0x08009f24                USB_ReadPacket
 .text.USB_EPSetStall
                0x08009fd4       0xdc ./Drivers/STM32F4xx_HAL_Driver/Src/stm32f4xx_ll_usb.o
                0x08009fd4                USB_EPSetStall
 .text.USB_EPClearStall
                0x0800a0b0       0xcc ./Drivers/STM32F4xx_HAL_Driver/Src/stm32f4xx_ll_usb.o
                0x0800a0b0                USB_EPClearStall
 .text.USB_SetDevAddress
                0x0800a17c       0x4c ./Drivers/STM32F4xx_HAL_Driver/Src/stm32f4xx_ll_usb.o
                0x0800a17c                USB_SetDevAddress
 .text.USB_DevConnect
                0x0800a1c8       0x42 ./Drivers/STM32F4xx_HAL_Driver/Src/stm32f4xx_ll_usb.o
                0x0800a1c8                USB_DevConnect
 .text.USB_DevDisconnect
                0x0800a20a       0x42 ./Drivers/STM32F4xx_HAL_Driver/Src/stm32f4xx_ll_usb.o
                0x0800a20a                USB_DevDisconnect
 .text.USB_ReadInterrupts
                0x0800a24c       0x26 ./Drivers/STM32F4xx_HAL_Driver/Src/stm32f4xx_ll_usb.o
                0x0800a24c                USB_ReadInterrupts
 .text.USB_ReadDevAllOutEpInterrupt
                0x0800a272       0x34 ./Drivers/STM32F4xx_HAL_Driver/Src/stm32f4xx_ll_usb.o
                0x0800a272                USB_ReadDevAllOutEpInterrupt
 .text.USB_ReadDevAllInEpInterrupt
                0x0800a2a6       0x34 ./Drivers/STM32F4xx_HAL_Driver/Src/stm32f4xx_ll_usb.o
                0x0800a2a6                USB_ReadDevAllInEpInterrupt
 .text.USB_ReadDevOutEPInterrupt
                0x0800a2da       0x3c ./Drivers/STM32F4xx_HAL_Driver/Src/stm32f4xx_ll_usb.o
                0x0800a2da                USB_ReadDevOutEPInterrupt
 .text.USB_ReadDevInEPInterrupt
                0x0800a316       0x5c ./Drivers/STM32F4xx_HAL_Driver/Src/stm32f4xx_ll_usb.o
                0x0800a316                USB_ReadDevInEPInterrupt
 .text.USB_GetMode
                0x0800a372       0x1c ./Drivers/STM32F4xx_HAL_Driver/Src/stm32f4xx_ll_usb.o
                0x0800a372                USB_GetMode
 .text.USB_ActivateSetup
                0x0800a38e       0x46 ./Drivers/STM32F4xx_HAL_Driver/Src/stm32f4xx_ll_usb.o
                0x0800a38e                USB_ActivateSetup
 .text.USB_EP0_OutStart
                0x0800a3d4       0xbc ./Drivers/STM32F4xx_HAL_Driver/Src/stm32f4xx_ll_usb.o
                0x0800a3d4                USB_EP0_OutStart
 .text.USB_CoreReset
                0x0800a490       0x62 ./Drivers/STM32F4xx_HAL_Driver/Src/stm32f4xx_ll_usb.o
 *fill*         0x0800a4f2        0x2 
 .text.USBD_CDC_Init
                0x0800a4f4      0x1f0 ./Middlewares/ST/STM32_USB_Device_Library/Class/CDC/Src/usbd_cdc.o
 .text.USBD_CDC_DeInit
                0x0800a6e4      0x104 ./Middlewares/ST/STM32_USB_Device_Library/Class/CDC/Src/usbd_cdc.o
 .text.USBD_CDC_Setup
                0x0800a7e8      0x1b8 ./Middlewares/ST/STM32_USB_Device_Library/Class/CDC/Src/usbd_cdc.o
 .text.USBD_CDC_DataIn
                0x0800a9a0       0xfe ./Middlewares/ST/STM32_USB_Device_Library/Class/CDC/Src/usbd_cdc.o
 .text.USBD_CDC_DataOut
                0x0800aa9e       0x70 ./Middlewares/ST/STM32_USB_Device_Library/Class/CDC/Src/usbd_cdc.o
 .text.USBD_CDC_EP0_RxReady
                0x0800ab0e       0x74 ./Middlewares/ST/STM32_USB_Device_Library/Class/CDC/Src/usbd_cdc.o
 *fill*         0x0800ab82        0x2 
 .text.USBD_CDC_GetFSCfgDesc
                0x0800ab84       0x70 ./Middlewares/ST/STM32_USB_Device_Library/Class/CDC/Src/usbd_cdc.o
 .text.USBD_CDC_GetHSCfgDesc
                0x0800abf4       0x70 ./Middlewares/ST/STM32_USB_Device_Library/Class/CDC/Src/usbd_cdc.o
 .text.USBD_CDC_GetOtherSpeedCfgDesc
                0x0800ac64       0x70 ./Middlewares/ST/STM32_USB_Device_Library/Class/CDC/Src/usbd_cdc.o
 .text.USBD_CDC_GetDeviceQualifierDescriptor
                0x0800acd4       0x20 ./Middlewares/ST/STM32_USB_Device_Library/Class/CDC/Src/usbd_cdc.o
                0x0800acd4                USBD_CDC_GetDeviceQualifierDescriptor
 .text.USBD_CDC_RegisterInterface
                0x0800acf4       0x34 ./Middlewares/ST/STM32_USB_Device_Library/Class/CDC/Src/usbd_cdc.o
                0x0800acf4                USBD_CDC_RegisterInterface
 .text.USBD_CDC_SetTxBuffer
                0x0800ad28       0x44 ./Middlewares/ST/STM32_USB_Device_Library/Class/CDC/Src/usbd_cdc.o
                0x0800ad28                USBD_CDC_SetTxBuffer
 .text.USBD_CDC_SetRxBuffer
                0x0800ad6c       0x3a ./Middlewares/ST/STM32_USB_Device_Library/Class/CDC/Src/usbd_cdc.o
                0x0800ad6c                USBD_CDC_SetRxBuffer
 *fill*         0x0800ada6        0x2 
 .text.USBD_CDC_TransmitPacket
                0x0800ada8       0x80 ./Middlewares/ST/STM32_USB_Device_Library/Class/CDC/Src/usbd_cdc.o
                0x0800ada8                USBD_CDC_TransmitPacket
 .text.USBD_CDC_ReceivePacket
                0x0800ae28       0x6c ./Middlewares/ST/STM32_USB_Device_Library/Class/CDC/Src/usbd_cdc.o
                0x0800ae28                USBD_CDC_ReceivePacket
 .text.USBD_Init
                0x0800ae94       0x60 ./Middlewares/ST/STM32_USB_Device_Library/Core/Src/usbd_core.o
                0x0800ae94                USBD_Init
 .text.USBD_RegisterClass
                0x0800aef4       0x6c ./Middlewares/ST/STM32_USB_Device_Library/Core/Src/usbd_core.o
                0x0800aef4                USBD_RegisterClass
 .text.USBD_Start
                0x0800af60       0x18 ./Middlewares/ST/STM32_USB_Device_Library/Core/Src/usbd_core.o
                0x0800af60                USBD_Start
 .text.USBD_RunTestMode
                0x0800af78       0x16 ./Middlewares/ST/STM32_USB_Device_Library/Core/Src/usbd_core.o
                0x0800af78                USBD_RunTestMode
 .text.USBD_SetClassConfig
                0x0800af8e       0x38 ./Middlewares/ST/STM32_USB_Device_Library/Core/Src/usbd_core.o
                0x0800af8e                USBD_SetClassConfig
 .text.USBD_ClrClassConfig
                0x0800afc6       0x34 ./Middlewares/ST/STM32_USB_Device_Library/Core/Src/usbd_core.o
                0x0800afc6                USBD_ClrClassConfig
 .text.USBD_LL_SetupStage
                0x0800affa       0xaa ./Middlewares/ST/STM32_USB_Device_Library/Core/Src/usbd_core.o
                0x0800affa                USBD_LL_SetupStage
 .text.USBD_LL_DataOutStage
                0x0800b0a4      0x166 ./Middlewares/ST/STM32_USB_Device_Library/Core/Src/usbd_core.o
                0x0800b0a4                USBD_LL_DataOutStage
 .text.USBD_LL_DataInStage
                0x0800b20a      0x164 ./Middlewares/ST/STM32_USB_Device_Library/Core/Src/usbd_core.o
                0x0800b20a                USBD_LL_DataInStage
 .text.USBD_LL_Reset
                0x0800b36e       0xa4 ./Middlewares/ST/STM32_USB_Device_Library/Core/Src/usbd_core.o
                0x0800b36e                USBD_LL_Reset
 .text.USBD_LL_SetSpeed
                0x0800b412       0x20 ./Middlewares/ST/STM32_USB_Device_Library/Core/Src/usbd_core.o
                0x0800b412                USBD_LL_SetSpeed
 .text.USBD_LL_Suspend
                0x0800b432       0x38 ./Middlewares/ST/STM32_USB_Device_Library/Core/Src/usbd_core.o
                0x0800b432                USBD_LL_Suspend
 .text.USBD_LL_Resume
                0x0800b46a       0x30 ./Middlewares/ST/STM32_USB_Device_Library/Core/Src/usbd_core.o
                0x0800b46a                USBD_LL_Resume
 .text.USBD_LL_SOF
                0x0800b49a       0x40 ./Middlewares/ST/STM32_USB_Device_Library/Core/Src/usbd_core.o
                0x0800b49a                USBD_LL_SOF
 .text.USBD_LL_IsoINIncomplete
                0x0800b4da       0x64 ./Middlewares/ST/STM32_USB_Device_Library/Core/Src/usbd_core.o
                0x0800b4da                USBD_LL_IsoINIncomplete
 .text.USBD_LL_IsoOUTIncomplete
                0x0800b53e       0x64 ./Middlewares/ST/STM32_USB_Device_Library/Core/Src/usbd_core.o
                0x0800b53e                USBD_LL_IsoOUTIncomplete
 .text.USBD_LL_DevConnected
                0x0800b5a2       0x16 ./Middlewares/ST/STM32_USB_Device_Library/Core/Src/usbd_core.o
                0x0800b5a2                USBD_LL_DevConnected
 .text.USBD_LL_DevDisconnected
                0x0800b5b8       0x46 ./Middlewares/ST/STM32_USB_Device_Library/Core/Src/usbd_core.o
                0x0800b5b8                USBD_LL_DevDisconnected
 .text.USBD_CoreFindIF
                0x0800b5fe       0x1a ./Middlewares/ST/STM32_USB_Device_Library/Core/Src/usbd_core.o
                0x0800b5fe                USBD_CoreFindIF
 .text.USBD_CoreFindEP
                0x0800b618       0x1a ./Middlewares/ST/STM32_USB_Device_Library/Core/Src/usbd_core.o
                0x0800b618                USBD_CoreFindEP
 .text.USBD_GetEpDesc
                0x0800b632       0x70 ./Middlewares/ST/STM32_USB_Device_Library/Core/Src/usbd_core.o
                0x0800b632                USBD_GetEpDesc
 .text.USBD_GetNextDesc
                0x0800b6a2       0x38 ./Middlewares/ST/STM32_USB_Device_Library/Core/Src/usbd_core.o
                0x0800b6a2                USBD_GetNextDesc
 .text.SWAPBYTE
                0x0800b6da       0x3c ./Middlewares/ST/STM32_USB_Device_Library/Core/Src/usbd_ctlreq.o
 *fill*         0x0800b716        0x2 
 .text.USBD_StdDevReq
                0x0800b718       0xe4 ./Middlewares/ST/STM32_USB_Device_Library/Core/Src/usbd_ctlreq.o
                0x0800b718                USBD_StdDevReq
 .text.USBD_StdItfReq
                0x0800b7fc       0xd8 ./Middlewares/ST/STM32_USB_Device_Library/Core/Src/usbd_ctlreq.o
                0x0800b7fc                USBD_StdItfReq
 .text.USBD_StdEPReq
                0x0800b8d4      0x33a ./Middlewares/ST/STM32_USB_Device_Library/Core/Src/usbd_ctlreq.o
                0x0800b8d4                USBD_StdEPReq
 *fill*         0x0800bc0e        0x2 
 .text.USBD_GetDescriptor
                0x0800bc10      0x2d4 ./Middlewares/ST/STM32_USB_Device_Library/Core/Src/usbd_ctlreq.o
 .text.USBD_SetAddress
                0x0800bee4       0x88 ./Middlewares/ST/STM32_USB_Device_Library/Core/Src/usbd_ctlreq.o
 .text.USBD_SetConfig
                0x0800bf6c      0x154 ./Middlewares/ST/STM32_USB_Device_Library/Core/Src/usbd_ctlreq.o
 .text.USBD_GetConfig
                0x0800c0c0       0x6c ./Middlewares/ST/STM32_USB_Device_Library/Core/Src/usbd_ctlreq.o
 .text.USBD_GetStatus
                0x0800c12c       0x68 ./Middlewares/ST/STM32_USB_Device_Library/Core/Src/usbd_ctlreq.o
 .text.USBD_SetFeature
                0x0800c194       0x52 ./Middlewares/ST/STM32_USB_Device_Library/Core/Src/usbd_ctlreq.o
 .text.USBD_ClrFeature
                0x0800c1e6       0x44 ./Middlewares/ST/STM32_USB_Device_Library/Core/Src/usbd_ctlreq.o
 .text.USBD_ParseSetupRequest
                0x0800c22a       0x74 ./Middlewares/ST/STM32_USB_Device_Library/Core/Src/usbd_ctlreq.o
                0x0800c22a                USBD_ParseSetupRequest
 .text.USBD_CtlError
                0x0800c29e       0x22 ./Middlewares/ST/STM32_USB_Device_Library/Core/Src/usbd_ctlreq.o
                0x0800c29e                USBD_CtlError
 .text.USBD_GetString
                0x0800c2c0       0x8c ./Middlewares/ST/STM32_USB_Device_Library/Core/Src/usbd_ctlreq.o
                0x0800c2c0                USBD_GetString
 .text.USBD_GetLen
                0x0800c34c       0x34 ./Middlewares/ST/STM32_USB_Device_Library/Core/Src/usbd_ctlreq.o
 .text.USBD_CtlSendData
                0x0800c380       0x36 ./Middlewares/ST/STM32_USB_Device_Library/Core/Src/usbd_ioreq.o
                0x0800c380                USBD_CtlSendData
 .text.USBD_CtlContinueSendData
                0x0800c3b6       0x22 ./Middlewares/ST/STM32_USB_Device_Library/Core/Src/usbd_ioreq.o
                0x0800c3b6                USBD_CtlContinueSendData
 .text.USBD_CtlPrepareRx
                0x0800c3d8       0x3a ./Middlewares/ST/STM32_USB_Device_Library/Core/Src/usbd_ioreq.o
                0x0800c3d8                USBD_CtlPrepareRx
 .text.USBD_CtlContinueRx
                0x0800c412       0x22 ./Middlewares/ST/STM32_USB_Device_Library/Core/Src/usbd_ioreq.o
                0x0800c412                USBD_CtlContinueRx
 .text.USBD_CtlSendStatus
                0x0800c434       0x26 ./Middlewares/ST/STM32_USB_Device_Library/Core/Src/usbd_ioreq.o
                0x0800c434                USBD_CtlSendStatus
 .text.USBD_CtlReceiveStatus
                0x0800c45a       0x26 ./Middlewares/ST/STM32_USB_Device_Library/Core/Src/usbd_ioreq.o
                0x0800c45a                USBD_CtlReceiveStatus
 .text.MX_USB_DEVICE_Init
                0x0800c480       0x60 ./USB_DEVICE/App/usb_device.o
                0x0800c480                MX_USB_DEVICE_Init
 .text.CDC_Init_FS
                0x0800c4e0       0x28 ./USB_DEVICE/App/usbd_cdc_if.o
 .text.CDC_DeInit_FS
                0x0800c508       0x10 ./USB_DEVICE/App/usbd_cdc_if.o
 .text.CDC_Control_FS
                0x0800c518       0xbc ./USB_DEVICE/App/usbd_cdc_if.o
 .text.CDC_Receive_FS
                0x0800c5d4       0x28 ./USB_DEVICE/App/usbd_cdc_if.o
 .text.CDC_Transmit_FS
                0x0800c5fc       0x4c ./USB_DEVICE/App/usbd_cdc_if.o
                0x0800c5fc                CDC_Transmit_FS
 .text.CDC_TransmitCplt_FS
                0x0800c648       0x22 ./USB_DEVICE/App/usbd_cdc_if.o
 *fill*         0x0800c66a        0x2 
 .text.USBD_FS_DeviceDescriptor
                0x0800c66c       0x24 ./USB_DEVICE/App/usbd_desc.o
                0x0800c66c                USBD_FS_DeviceDescriptor
 .text.USBD_FS_LangIDStrDescriptor
                0x0800c690       0x24 ./USB_DEVICE/App/usbd_desc.o
                0x0800c690                USBD_FS_LangIDStrDescriptor
 .text.USBD_FS_ProductStrDescriptor
                0x0800c6b4       0x3c ./USB_DEVICE/App/usbd_desc.o
                0x0800c6b4                USBD_FS_ProductStrDescriptor
 .text.USBD_FS_ManufacturerStrDescriptor
                0x0800c6f0       0x28 ./USB_DEVICE/App/usbd_desc.o
                0x0800c6f0                USBD_FS_ManufacturerStrDescriptor
 .text.USBD_FS_SerialStrDescriptor
                0x0800c718       0x24 ./USB_DEVICE/App/usbd_desc.o
                0x0800c718                USBD_FS_SerialStrDescriptor
 .text.USBD_FS_ConfigStrDescriptor
                0x0800c73c       0x3c ./USB_DEVICE/App/usbd_desc.o
                0x0800c73c                USBD_FS_ConfigStrDescriptor
 .text.USBD_FS_InterfaceStrDescriptor
                0x0800c778       0x3c ./USB_DEVICE/App/usbd_desc.o
                0x0800c778                USBD_FS_InterfaceStrDescriptor
 .text.Get_SerialNum
                0x0800c7b4       0x58 ./USB_DEVICE/App/usbd_desc.o
 .text.IntToUnicode
                0x0800c80c       0x7e ./USB_DEVICE/App/usbd_desc.o
 *fill*         0x0800c88a        0x2 
 .text.HAL_PCD_MspInit
                0x0800c88c       0xa8 ./USB_DEVICE/Target/usbd_conf.o
                0x0800c88c                HAL_PCD_MspInit
 .text.HAL_PCD_SetupStageCallback
                0x0800c934       0x24 ./USB_DEVICE/Target/usbd_conf.o
                0x0800c934                HAL_PCD_SetupStageCallback
 .text.HAL_PCD_DataOutStageCallback
                0x0800c958       0x36 ./USB_DEVICE/Target/usbd_conf.o
                0x0800c958                HAL_PCD_DataOutStageCallback
 .text.HAL_PCD_DataInStageCallback
                0x0800c98e       0x34 ./USB_DEVICE/Target/usbd_conf.o
                0x0800c98e                HAL_PCD_DataInStageCallback
 .text.HAL_PCD_SOFCallback
                0x0800c9c2       0x1c ./USB_DEVICE/Target/usbd_conf.o
                0x0800c9c2                HAL_PCD_SOFCallback
 .text.HAL_PCD_ResetCallback
                0x0800c9de       0x3c ./USB_DEVICE/Target/usbd_conf.o
                0x0800c9de                HAL_PCD_ResetCallback
 *fill*         0x0800ca1a        0x2 
 .text.HAL_PCD_SuspendCallback
                0x0800ca1c       0x4c ./USB_DEVICE/Target/usbd_conf.o
                0x0800ca1c                HAL_PCD_SuspendCallback
 .text.HAL_PCD_ResumeCallback
                0x0800ca68       0x1c ./USB_DEVICE/Target/usbd_conf.o
                0x0800ca68                HAL_PCD_ResumeCallback
 .text.HAL_PCD_ISOOUTIncompleteCallback
                0x0800ca84       0x24 ./USB_DEVICE/Target/usbd_conf.o
                0x0800ca84                HAL_PCD_ISOOUTIncompleteCallback
 .text.HAL_PCD_ISOINIncompleteCallback
                0x0800caa8       0x24 ./USB_DEVICE/Target/usbd_conf.o
                0x0800caa8                HAL_PCD_ISOINIncompleteCallback
 .text.HAL_PCD_ConnectCallback
                0x0800cacc       0x1c ./USB_DEVICE/Target/usbd_conf.o
                0x0800cacc                HAL_PCD_ConnectCallback
 .text.HAL_PCD_DisconnectCallback
                0x0800cae8       0x1c ./USB_DEVICE/Target/usbd_conf.o
                0x0800cae8                HAL_PCD_DisconnectCallback
 .text.USBD_LL_Init
                0x0800cb04       0x98 ./USB_DEVICE/Target/usbd_conf.o
                0x0800cb04                USBD_LL_Init
 .text.USBD_LL_Start
                0x0800cb9c       0x36 ./USB_DEVICE/Target/usbd_conf.o
                0x0800cb9c                USBD_LL_Start
 .text.USBD_LL_OpenEP
                0x0800cbd2       0x4c ./USB_DEVICE/Target/usbd_conf.o
                0x0800cbd2                USBD_LL_OpenEP
 .text.USBD_LL_CloseEP
                0x0800cc1e       0x3e ./USB_DEVICE/Target/usbd_conf.o
                0x0800cc1e                USBD_LL_CloseEP
 .text.USBD_LL_StallEP
                0x0800cc5c       0x3e ./USB_DEVICE/Target/usbd_conf.o
                0x0800cc5c                USBD_LL_StallEP
 .text.USBD_LL_ClearStallEP
                0x0800cc9a       0x3e ./USB_DEVICE/Target/usbd_conf.o
                0x0800cc9a                USBD_LL_ClearStallEP
 .text.USBD_LL_IsStallEP
                0x0800ccd8       0x58 ./USB_DEVICE/Target/usbd_conf.o
                0x0800ccd8                USBD_LL_IsStallEP
 .text.USBD_LL_SetUSBAddress
                0x0800cd30       0x3e ./USB_DEVICE/Target/usbd_conf.o
                0x0800cd30                USBD_LL_SetUSBAddress
 .text.USBD_LL_Transmit
                0x0800cd6e       0x42 ./USB_DEVICE/Target/usbd_conf.o
                0x0800cd6e                USBD_LL_Transmit
 .text.USBD_LL_PrepareReceive
                0x0800cdb0       0x42 ./USB_DEVICE/Target/usbd_conf.o
                0x0800cdb0                USBD_LL_PrepareReceive
 .text.USBD_LL_GetRxDataSize
                0x0800cdf2       0x26 ./USB_DEVICE/Target/usbd_conf.o
                0x0800cdf2                USBD_LL_GetRxDataSize
 .text.USBD_static_malloc
                0x0800ce18       0x1c ./USB_DEVICE/Target/usbd_conf.o
                0x0800ce18                USBD_static_malloc
 .text.USBD_static_free
                0x0800ce34       0x14 ./USB_DEVICE/Target/usbd_conf.o
                0x0800ce34                USBD_static_free
 .text.USBD_Get_USB_Status
                0x0800ce48       0x58 ./USB_DEVICE/Target/usbd_conf.o
                0x0800ce48                USBD_Get_USB_Status
 .text.malloc   0x0800cea0       0x10 C:/ST/STM32CubeIDE_1.16.0/STM32CubeIDE/plugins/com.st.stm32cube.ide.mcu.externaltools.gnu-tools-for-stm32.12.3.rel1.win32_1.0.200.202406191623/tools/bin/../lib/gcc/arm-none-eabi/12.3.1/../../../../arm-none-eabi/lib/thumb/v7e-m+fp/hard\libc_nano.a(libc_a-malloc.o)
                0x0800cea0                malloc
 .text.free     0x0800ceb0       0x10 C:/ST/STM32CubeIDE_1.16.0/STM32CubeIDE/plugins/com.st.stm32cube.ide.mcu.externaltools.gnu-tools-for-stm32.12.3.rel1.win32_1.0.200.202406191623/tools/bin/../lib/gcc/arm-none-eabi/12.3.1/../../../../arm-none-eabi/lib/thumb/v7e-m+fp/hard\libc_nano.a(libc_a-malloc.o)
                0x0800ceb0                free
 .text.sbrk_aligned
                0x0800cec0       0x44 C:/ST/STM32CubeIDE_1.16.0/STM32CubeIDE/plugins/com.st.stm32cube.ide.mcu.externaltools.gnu-tools-for-stm32.12.3.rel1.win32_1.0.200.202406191623/tools/bin/../lib/gcc/arm-none-eabi/12.3.1/../../../../arm-none-eabi/lib/thumb/v7e-m+fp/hard\libc_nano.a(libc_a-mallocr.o)
 .text._malloc_r
                0x0800cf04      0x100 C:/ST/STM32CubeIDE_1.16.0/STM32CubeIDE/plugins/com.st.stm32cube.ide.mcu.externaltools.gnu-tools-for-stm32.12.3.rel1.win32_1.0.200.202406191623/tools/bin/../lib/gcc/arm-none-eabi/12.3.1/../../../../arm-none-eabi/lib/thumb/v7e-m+fp/hard\libc_nano.a(libc_a-mallocr.o)
                0x0800cf04                _malloc_r
 .text.__malloc_lock
                0x0800d004        0xc C:/ST/STM32CubeIDE_1.16.0/STM32CubeIDE/plugins/com.st.stm32cube.ide.mcu.externaltools.gnu-tools-for-stm32.12.3.rel1.win32_1.0.200.202406191623/tools/bin/../lib/gcc/arm-none-eabi/12.3.1/../../../../arm-none-eabi/lib/thumb/v7e-m+fp/hard\libc_nano.a(libc_a-mlock.o)
                0x0800d004                __malloc_lock
 .text.__malloc_unlock
                0x0800d010        0xc C:/ST/STM32CubeIDE_1.16.0/STM32CubeIDE/plugins/com.st.stm32cube.ide.mcu.externaltools.gnu-tools-for-stm32.12.3.rel1.win32_1.0.200.202406191623/tools/bin/../lib/gcc/arm-none-eabi/12.3.1/../../../../arm-none-eabi/lib/thumb/v7e-m+fp/hard\libc_nano.a(libc_a-mlock.o)
                0x0800d010                __malloc_unlock
 .text.__cvt    0x0800d01c       0xca C:/ST/STM32CubeIDE_1.16.0/STM32CubeIDE/plugins/com.st.stm32cube.ide.mcu.externaltools.gnu-tools-for-stm32.12.3.rel1.win32_1.0.200.202406191623/tools/bin/../lib/gcc/arm-none-eabi/12.3.1/../../../../arm-none-eabi/lib/thumb/v7e-m+fp/hard\libc_nano.a(libc_a-nano-vfprintf_float.o)
                0x0800d01c                __cvt
 .text.__exponent
                0x0800d0e6       0x74 C:/ST/STM32CubeIDE_1.16.0/STM32CubeIDE/plugins/com.st.stm32cube.ide.mcu.externaltools.gnu-tools-for-stm32.12.3.rel1.win32_1.0.200.202406191623/tools/bin/../lib/gcc/arm-none-eabi/12.3.1/../../../../arm-none-eabi/lib/thumb/v7e-m+fp/hard\libc_nano.a(libc_a-nano-vfprintf_float.o)
                0x0800d0e6                __exponent
 *fill*         0x0800d15a        0x2 
 .text._printf_float
                0x0800d15c      0x454 C:/ST/STM32CubeIDE_1.16.0/STM32CubeIDE/plugins/com.st.stm32cube.ide.mcu.externaltools.gnu-tools-for-stm32.12.3.rel1.win32_1.0.200.202406191623/tools/bin/../lib/gcc/arm-none-eabi/12.3.1/../../../../arm-none-eabi/lib/thumb/v7e-m+fp/hard\libc_nano.a(libc_a-nano-vfprintf_float.o)
                0x0800d15c                _printf_float
 .text._printf_common
                0x0800d5b0       0xda C:/ST/STM32CubeIDE_1.16.0/STM32CubeIDE/plugins/com.st.stm32cube.ide.mcu.externaltools.gnu-tools-for-stm32.12.3.rel1.win32_1.0.200.202406191623/tools/bin/../lib/gcc/arm-none-eabi/12.3.1/../../../../arm-none-eabi/lib/thumb/v7e-m+fp/hard\libc_nano.a(libc_a-nano-vfprintf_i.o)
                0x0800d5b0                _printf_common
 *fill*         0x0800d68a        0x2 
 .text._printf_i
                0x0800d68c      0x240 C:/ST/STM32CubeIDE_1.16.0/STM32CubeIDE/plugins/com.st.stm32cube.ide.mcu.externaltools.gnu-tools-for-stm32.12.3.rel1.win32_1.0.200.202406191623/tools/bin/../lib/gcc/arm-none-eabi/12.3.1/../../../../arm-none-eabi/lib/thumb/v7e-m+fp/hard\libc_nano.a(libc_a-nano-vfprintf_i.o)
                0x0800d68c                _printf_i
 .text.std      0x0800d8cc       0x6c C:/ST/STM32CubeIDE_1.16.0/STM32CubeIDE/plugins/com.st.stm32cube.ide.mcu.externaltools.gnu-tools-for-stm32.12.3.rel1.win32_1.0.200.202406191623/tools/bin/../lib/gcc/arm-none-eabi/12.3.1/../../../../arm-none-eabi/lib/thumb/v7e-m+fp/hard\libc_nano.a(libc_a-findfp.o)
 .text.stdio_exit_handler
                0x0800d938       0x18 C:/ST/STM32CubeIDE_1.16.0/STM32CubeIDE/plugins/com.st.stm32cube.ide.mcu.externaltools.gnu-tools-for-stm32.12.3.rel1.win32_1.0.200.202406191623/tools/bin/../lib/gcc/arm-none-eabi/12.3.1/../../../../arm-none-eabi/lib/thumb/v7e-m+fp/hard\libc_nano.a(libc_a-findfp.o)
 .text.cleanup_stdio
                0x0800d950       0x40 C:/ST/STM32CubeIDE_1.16.0/STM32CubeIDE/plugins/com.st.stm32cube.ide.mcu.externaltools.gnu-tools-for-stm32.12.3.rel1.win32_1.0.200.202406191623/tools/bin/../lib/gcc/arm-none-eabi/12.3.1/../../../../arm-none-eabi/lib/thumb/v7e-m+fp/hard\libc_nano.a(libc_a-findfp.o)
 .text.global_stdio_init.part.0
                0x0800d990       0x3c C:/ST/STM32CubeIDE_1.16.0/STM32CubeIDE/plugins/com.st.stm32cube.ide.mcu.externaltools.gnu-tools-for-stm32.12.3.rel1.win32_1.0.200.202406191623/tools/bin/../lib/gcc/arm-none-eabi/12.3.1/../../../../arm-none-eabi/lib/thumb/v7e-m+fp/hard\libc_nano.a(libc_a-findfp.o)
 .text.__sfp_lock_acquire
                0x0800d9cc        0xc C:/ST/STM32CubeIDE_1.16.0/STM32CubeIDE/plugins/com.st.stm32cube.ide.mcu.externaltools.gnu-tools-for-stm32.12.3.rel1.win32_1.0.200.202406191623/tools/bin/../lib/gcc/arm-none-eabi/12.3.1/../../../../arm-none-eabi/lib/thumb/v7e-m+fp/hard\libc_nano.a(libc_a-findfp.o)
                0x0800d9cc                __sfp_lock_acquire
 .text.__sfp_lock_release
                0x0800d9d8        0xc C:/ST/STM32CubeIDE_1.16.0/STM32CubeIDE/plugins/com.st.stm32cube.ide.mcu.externaltools.gnu-tools-for-stm32.12.3.rel1.win32_1.0.200.202406191623/tools/bin/../lib/gcc/arm-none-eabi/12.3.1/../../../../arm-none-eabi/lib/thumb/v7e-m+fp/hard\libc_nano.a(libc_a-findfp.o)
                0x0800d9d8                __sfp_lock_release
 .text.__sinit  0x0800d9e4       0x30 C:/ST/STM32CubeIDE_1.16.0/STM32CubeIDE/plugins/com.st.stm32cube.ide.mcu.externaltools.gnu-tools-for-stm32.12.3.rel1.win32_1.0.200.202406191623/tools/bin/../lib/gcc/arm-none-eabi/12.3.1/../../../../arm-none-eabi/lib/thumb/v7e-m+fp/hard\libc_nano.a(libc_a-findfp.o)
                0x0800d9e4                __sinit
 .text._fwalk_sglue
                0x0800da14       0x3c C:/ST/STM32CubeIDE_1.16.0/STM32CubeIDE/plugins/com.st.stm32cube.ide.mcu.externaltools.gnu-tools-for-stm32.12.3.rel1.win32_1.0.200.202406191623/tools/bin/../lib/gcc/arm-none-eabi/12.3.1/../../../../arm-none-eabi/lib/thumb/v7e-m+fp/hard\libc_nano.a(libc_a-fwalk.o)
                0x0800da14                _fwalk_sglue
 .text.snprintf
                0x0800da50       0x68 C:/ST/STM32CubeIDE_1.16.0/STM32CubeIDE/plugins/com.st.stm32cube.ide.mcu.externaltools.gnu-tools-for-stm32.12.3.rel1.win32_1.0.200.202406191623/tools/bin/../lib/gcc/arm-none-eabi/12.3.1/../../../../arm-none-eabi/lib/thumb/v7e-m+fp/hard\libc_nano.a(libc_a-snprintf.o)
                0x0800da50                sniprintf
                0x0800da50                snprintf
 .text.__sread  0x0800dab8       0x22 C:/ST/STM32CubeIDE_1.16.0/STM32CubeIDE/plugins/com.st.stm32cube.ide.mcu.externaltools.gnu-tools-for-stm32.12.3.rel1.win32_1.0.200.202406191623/tools/bin/../lib/gcc/arm-none-eabi/12.3.1/../../../../arm-none-eabi/lib/thumb/v7e-m+fp/hard\libc_nano.a(libc_a-stdio.o)
                0x0800dab8                __sread
 .text.__swrite
                0x0800dada       0x38 C:/ST/STM32CubeIDE_1.16.0/STM32CubeIDE/plugins/com.st.stm32cube.ide.mcu.externaltools.gnu-tools-for-stm32.12.3.rel1.win32_1.0.200.202406191623/tools/bin/../lib/gcc/arm-none-eabi/12.3.1/../../../../arm-none-eabi/lib/thumb/v7e-m+fp/hard\libc_nano.a(libc_a-stdio.o)
                0x0800dada                __swrite
 .text.__sseek  0x0800db12       0x24 C:/ST/STM32CubeIDE_1.16.0/STM32CubeIDE/plugins/com.st.stm32cube.ide.mcu.externaltools.gnu-tools-for-stm32.12.3.rel1.win32_1.0.200.202406191623/tools/bin/../lib/gcc/arm-none-eabi/12.3.1/../../../../arm-none-eabi/lib/thumb/v7e-m+fp/hard\libc_nano.a(libc_a-stdio.o)
                0x0800db12                __sseek
 .text.__sclose
                0x0800db36        0x8 C:/ST/STM32CubeIDE_1.16.0/STM32CubeIDE/plugins/com.st.stm32cube.ide.mcu.externaltools.gnu-tools-for-stm32.12.3.rel1.win32_1.0.200.202406191623/tools/bin/../lib/gcc/arm-none-eabi/12.3.1/../../../../arm-none-eabi/lib/thumb/v7e-m+fp/hard\libc_nano.a(libc_a-stdio.o)
                0x0800db36                __sclose
 .text.__swbuf_r
                0x0800db3e       0x7c C:/ST/STM32CubeIDE_1.16.0/STM32CubeIDE/plugins/com.st.stm32cube.ide.mcu.externaltools.gnu-tools-for-stm32.12.3.rel1.win32_1.0.200.202406191623/tools/bin/../lib/gcc/arm-none-eabi/12.3.1/../../../../arm-none-eabi/lib/thumb/v7e-m+fp/hard\libc_nano.a(libc_a-wbuf.o)
                0x0800db3e                __swbuf_r
 *fill*         0x0800dbba        0x2 
 .text.__swsetup_r
                0x0800dbbc       0xac C:/ST/STM32CubeIDE_1.16.0/STM32CubeIDE/plugins/com.st.stm32cube.ide.mcu.externaltools.gnu-tools-for-stm32.12.3.rel1.win32_1.0.200.202406191623/tools/bin/../lib/gcc/arm-none-eabi/12.3.1/../../../../arm-none-eabi/lib/thumb/v7e-m+fp/hard\libc_nano.a(libc_a-wsetup.o)
                0x0800dbbc                __swsetup_r
 .text.memset   0x0800dc68       0x10 C:/ST/STM32CubeIDE_1.16.0/STM32CubeIDE/plugins/com.st.stm32cube.ide.mcu.externaltools.gnu-tools-for-stm32.12.3.rel1.win32_1.0.200.202406191623/tools/bin/../lib/gcc/arm-none-eabi/12.3.1/../../../../arm-none-eabi/lib/thumb/v7e-m+fp/hard\libc_nano.a(libc_a-memset.o)
                0x0800dc68                memset
 .text._localeconv_r
                0x0800dc78        0x8 C:/ST/STM32CubeIDE_1.16.0/STM32CubeIDE/plugins/com.st.stm32cube.ide.mcu.externaltools.gnu-tools-for-stm32.12.3.rel1.win32_1.0.200.202406191623/tools/bin/../lib/gcc/arm-none-eabi/12.3.1/../../../../arm-none-eabi/lib/thumb/v7e-m+fp/hard\libc_nano.a(libc_a-localeconv.o)
                0x0800dc78                _localeconv_r
 .text._close_r
                0x0800dc80       0x20 C:/ST/STM32CubeIDE_1.16.0/STM32CubeIDE/plugins/com.st.stm32cube.ide.mcu.externaltools.gnu-tools-for-stm32.12.3.rel1.win32_1.0.200.202406191623/tools/bin/../lib/gcc/arm-none-eabi/12.3.1/../../../../arm-none-eabi/lib/thumb/v7e-m+fp/hard\libc_nano.a(libc_a-closer.o)
                0x0800dc80                _close_r
 .text._lseek_r
                0x0800dca0       0x24 C:/ST/STM32CubeIDE_1.16.0/STM32CubeIDE/plugins/com.st.stm32cube.ide.mcu.externaltools.gnu-tools-for-stm32.12.3.rel1.win32_1.0.200.202406191623/tools/bin/../lib/gcc/arm-none-eabi/12.3.1/../../../../arm-none-eabi/lib/thumb/v7e-m+fp/hard\libc_nano.a(libc_a-lseekr.o)
                0x0800dca0                _lseek_r
 .text._read_r  0x0800dcc4       0x24 C:/ST/STM32CubeIDE_1.16.0/STM32CubeIDE/plugins/com.st.stm32cube.ide.mcu.externaltools.gnu-tools-for-stm32.12.3.rel1.win32_1.0.200.202406191623/tools/bin/../lib/gcc/arm-none-eabi/12.3.1/../../../../arm-none-eabi/lib/thumb/v7e-m+fp/hard\libc_nano.a(libc_a-readr.o)
                0x0800dcc4                _read_r
 .text._sbrk_r  0x0800dce8       0x20 C:/ST/STM32CubeIDE_1.16.0/STM32CubeIDE/plugins/com.st.stm32cube.ide.mcu.externaltools.gnu-tools-for-stm32.12.3.rel1.win32_1.0.200.202406191623/tools/bin/../lib/gcc/arm-none-eabi/12.3.1/../../../../arm-none-eabi/lib/thumb/v7e-m+fp/hard\libc_nano.a(libc_a-sbrkr.o)
                0x0800dce8                _sbrk_r
 .text._write_r
                0x0800dd08       0x24 C:/ST/STM32CubeIDE_1.16.0/STM32CubeIDE/plugins/com.st.stm32cube.ide.mcu.externaltools.gnu-tools-for-stm32.12.3.rel1.win32_1.0.200.202406191623/tools/bin/../lib/gcc/arm-none-eabi/12.3.1/../../../../arm-none-eabi/lib/thumb/v7e-m+fp/hard\libc_nano.a(libc_a-writer.o)
                0x0800dd08                _write_r
 .text.__errno  0x0800dd2c        0xc C:/ST/STM32CubeIDE_1.16.0/STM32CubeIDE/plugins/com.st.stm32cube.ide.mcu.externaltools.gnu-tools-for-stm32.12.3.rel1.win32_1.0.200.202406191623/tools/bin/../lib/gcc/arm-none-eabi/12.3.1/../../../../arm-none-eabi/lib/thumb/v7e-m+fp/hard\libc_nano.a(libc_a-errno.o)
                0x0800dd2c                __errno
 .text.__libc_init_array
                0x0800dd38       0x48 C:/ST/STM32CubeIDE_1.16.0/STM32CubeIDE/plugins/com.st.stm32cube.ide.mcu.externaltools.gnu-tools-for-stm32.12.3.rel1.win32_1.0.200.202406191623/tools/bin/../lib/gcc/arm-none-eabi/12.3.1/../../../../arm-none-eabi/lib/thumb/v7e-m+fp/hard\libc_nano.a(libc_a-init.o)
                0x0800dd38                __libc_init_array
 .text.__retarget_lock_init_recursive
                0x0800dd80        0x2 C:/ST/STM32CubeIDE_1.16.0/STM32CubeIDE/plugins/com.st.stm32cube.ide.mcu.externaltools.gnu-tools-for-stm32.12.3.rel1.win32_1.0.200.202406191623/tools/bin/../lib/gcc/arm-none-eabi/12.3.1/../../../../arm-none-eabi/lib/thumb/v7e-m+fp/hard\libc_nano.a(libc_a-lock.o)
                0x0800dd80                __retarget_lock_init_recursive
 .text.__retarget_lock_acquire_recursive
                0x0800dd82        0x2 C:/ST/STM32CubeIDE_1.16.0/STM32CubeIDE/plugins/com.st.stm32cube.ide.mcu.externaltools.gnu-tools-for-stm32.12.3.rel1.win32_1.0.200.202406191623/tools/bin/../lib/gcc/arm-none-eabi/12.3.1/../../../../arm-none-eabi/lib/thumb/v7e-m+fp/hard\libc_nano.a(libc_a-lock.o)
                0x0800dd82                __retarget_lock_acquire_recursive
 .text.__retarget_lock_release_recursive
                0x0800dd84        0x2 C:/ST/STM32CubeIDE_1.16.0/STM32CubeIDE/plugins/com.st.stm32cube.ide.mcu.externaltools.gnu-tools-for-stm32.12.3.rel1.win32_1.0.200.202406191623/tools/bin/../lib/gcc/arm-none-eabi/12.3.1/../../../../arm-none-eabi/lib/thumb/v7e-m+fp/hard\libc_nano.a(libc_a-lock.o)
                0x0800dd84                __retarget_lock_release_recursive
 .text.quorem   0x0800dd86      0x110 C:/ST/STM32CubeIDE_1.16.0/STM32CubeIDE/plugins/com.st.stm32cube.ide.mcu.externaltools.gnu-tools-for-stm32.12.3.rel1.win32_1.0.200.202406191623/tools/bin/../lib/gcc/arm-none-eabi/12.3.1/../../../../arm-none-eabi/lib/thumb/v7e-m+fp/hard\libc_nano.a(libc_a-dtoa.o)
 *fill*         0x0800de96        0x2 
 .text._dtoa_r  0x0800de98      0xb88 C:/ST/STM32CubeIDE_1.16.0/STM32CubeIDE/plugins/com.st.stm32cube.ide.mcu.externaltools.gnu-tools-for-stm32.12.3.rel1.win32_1.0.200.202406191623/tools/bin/../lib/gcc/arm-none-eabi/12.3.1/../../../../arm-none-eabi/lib/thumb/v7e-m+fp/hard\libc_nano.a(libc_a-dtoa.o)
                0x0800de98                _dtoa_r
 .text._free_r  0x0800ea20       0x94 C:/ST/STM32CubeIDE_1.16.0/STM32CubeIDE/plugins/com.st.stm32cube.ide.mcu.externaltools.gnu-tools-for-stm32.12.3.rel1.win32_1.0.200.202406191623/tools/bin/../lib/gcc/arm-none-eabi/12.3.1/../../../../arm-none-eabi/lib/thumb/v7e-m+fp/hard\libc_nano.a(libc_a-freer.o)
                0x0800ea20                _free_r
 .text._Balloc  0x0800eab4       0x80 C:/ST/STM32CubeIDE_1.16.0/STM32CubeIDE/plugins/com.st.stm32cube.ide.mcu.externaltools.gnu-tools-for-stm32.12.3.rel1.win32_1.0.200.202406191623/tools/bin/../lib/gcc/arm-none-eabi/12.3.1/../../../../arm-none-eabi/lib/thumb/v7e-m+fp/hard\libc_nano.a(libc_a-mprec.o)
                0x0800eab4                _Balloc
 .text._Bfree   0x0800eb34       0x44 C:/ST/STM32CubeIDE_1.16.0/STM32CubeIDE/plugins/com.st.stm32cube.ide.mcu.externaltools.gnu-tools-for-stm32.12.3.rel1.win32_1.0.200.202406191623/tools/bin/../lib/gcc/arm-none-eabi/12.3.1/../../../../arm-none-eabi/lib/thumb/v7e-m+fp/hard\libc_nano.a(libc_a-mprec.o)
                0x0800eb34                _Bfree
 .text.__multadd
                0x0800eb78       0x8c C:/ST/STM32CubeIDE_1.16.0/STM32CubeIDE/plugins/com.st.stm32cube.ide.mcu.externaltools.gnu-tools-for-stm32.12.3.rel1.win32_1.0.200.202406191623/tools/bin/../lib/gcc/arm-none-eabi/12.3.1/../../../../arm-none-eabi/lib/thumb/v7e-m+fp/hard\libc_nano.a(libc_a-mprec.o)
                0x0800eb78                __multadd
 .text.__hi0bits
                0x0800ec04       0x3e C:/ST/STM32CubeIDE_1.16.0/STM32CubeIDE/plugins/com.st.stm32cube.ide.mcu.externaltools.gnu-tools-for-stm32.12.3.rel1.win32_1.0.200.202406191623/tools/bin/../lib/gcc/arm-none-eabi/12.3.1/../../../../arm-none-eabi/lib/thumb/v7e-m+fp/hard\libc_nano.a(libc_a-mprec.o)
                0x0800ec04                __hi0bits
 .text.__lo0bits
                0x0800ec42       0x5a C:/ST/STM32CubeIDE_1.16.0/STM32CubeIDE/plugins/com.st.stm32cube.ide.mcu.externaltools.gnu-tools-for-stm32.12.3.rel1.win32_1.0.200.202406191623/tools/bin/../lib/gcc/arm-none-eabi/12.3.1/../../../../arm-none-eabi/lib/thumb/v7e-m+fp/hard\libc_nano.a(libc_a-mprec.o)
                0x0800ec42                __lo0bits
 .text.__i2b    0x0800ec9c       0x2c C:/ST/STM32CubeIDE_1.16.0/STM32CubeIDE/plugins/com.st.stm32cube.ide.mcu.externaltools.gnu-tools-for-stm32.12.3.rel1.win32_1.0.200.202406191623/tools/bin/../lib/gcc/arm-none-eabi/12.3.1/../../../../arm-none-eabi/lib/thumb/v7e-m+fp/hard\libc_nano.a(libc_a-mprec.o)
                0x0800ec9c                __i2b
 .text.__multiply
                0x0800ecc8      0x154 C:/ST/STM32CubeIDE_1.16.0/STM32CubeIDE/plugins/com.st.stm32cube.ide.mcu.externaltools.gnu-tools-for-stm32.12.3.rel1.win32_1.0.200.202406191623/tools/bin/../lib/gcc/arm-none-eabi/12.3.1/../../../../arm-none-eabi/lib/thumb/v7e-m+fp/hard\libc_nano.a(libc_a-mprec.o)
                0x0800ecc8                __multiply
 .text.__pow5mult
                0x0800ee1c       0xb4 C:/ST/STM32CubeIDE_1.16.0/STM32CubeIDE/plugins/com.st.stm32cube.ide.mcu.externaltools.gnu-tools-for-stm32.12.3.rel1.win32_1.0.200.202406191623/tools/bin/../lib/gcc/arm-none-eabi/12.3.1/../../../../arm-none-eabi/lib/thumb/v7e-m+fp/hard\libc_nano.a(libc_a-mprec.o)
                0x0800ee1c                __pow5mult
 .text.__lshift
                0x0800eed0       0xd8 C:/ST/STM32CubeIDE_1.16.0/STM32CubeIDE/plugins/com.st.stm32cube.ide.mcu.externaltools.gnu-tools-for-stm32.12.3.rel1.win32_1.0.200.202406191623/tools/bin/../lib/gcc/arm-none-eabi/12.3.1/../../../../arm-none-eabi/lib/thumb/v7e-m+fp/hard\libc_nano.a(libc_a-mprec.o)
                0x0800eed0                __lshift
 .text.__mcmp   0x0800efa8       0x36 C:/ST/STM32CubeIDE_1.16.0/STM32CubeIDE/plugins/com.st.stm32cube.ide.mcu.externaltools.gnu-tools-for-stm32.12.3.rel1.win32_1.0.200.202406191623/tools/bin/../lib/gcc/arm-none-eabi/12.3.1/../../../../arm-none-eabi/lib/thumb/v7e-m+fp/hard\libc_nano.a(libc_a-mprec.o)
                0x0800efa8                __mcmp
 *fill*         0x0800efde        0x2 
 .text.__mdiff  0x0800efe0      0x128 C:/ST/STM32CubeIDE_1.16.0/STM32CubeIDE/plugins/com.st.stm32cube.ide.mcu.externaltools.gnu-tools-for-stm32.12.3.rel1.win32_1.0.200.202406191623/tools/bin/../lib/gcc/arm-none-eabi/12.3.1/../../../../arm-none-eabi/lib/thumb/v7e-m+fp/hard\libc_nano.a(libc_a-mprec.o)
                0x0800efe0                __mdiff
 .text.__d2b    0x0800f108       0xb0 C:/ST/STM32CubeIDE_1.16.0/STM32CubeIDE/plugins/com.st.stm32cube.ide.mcu.externaltools.gnu-tools-for-stm32.12.3.rel1.win32_1.0.200.202406191623/tools/bin/../lib/gcc/arm-none-eabi/12.3.1/../../../../arm-none-eabi/lib/thumb/v7e-m+fp/hard\libc_nano.a(libc_a-mprec.o)
                0x0800f108                __d2b
 .text.__ssputs_r
                0x0800f1b8       0xb6 C:/ST/STM32CubeIDE_1.16.0/STM32CubeIDE/plugins/com.st.stm32cube.ide.mcu.externaltools.gnu-tools-for-stm32.12.3.rel1.win32_1.0.200.202406191623/tools/bin/../lib/gcc/arm-none-eabi/12.3.1/../../../../arm-none-eabi/lib/thumb/v7e-m+fp/hard\libc_nano.a(libc_a-nano-svfprintf.o)
                0x0800f1b8                __ssputs_r
 *fill*         0x0800f26e        0x2 
 .text._svfprintf_r
                0x0800f270      0x1f8 C:/ST/STM32CubeIDE_1.16.0/STM32CubeIDE/plugins/com.st.stm32cube.ide.mcu.externaltools.gnu-tools-for-stm32.12.3.rel1.win32_1.0.200.202406191623/tools/bin/../lib/gcc/arm-none-eabi/12.3.1/../../../../arm-none-eabi/lib/thumb/v7e-m+fp/hard\libc_nano.a(libc_a-nano-svfprintf.o)
                0x0800f270                _svfiprintf_r
                0x0800f270                _svfprintf_r
 .text.__sflush_r
                0x0800f468      0x108 C:/ST/STM32CubeIDE_1.16.0/STM32CubeIDE/plugins/com.st.stm32cube.ide.mcu.externaltools.gnu-tools-for-stm32.12.3.rel1.win32_1.0.200.202406191623/tools/bin/../lib/gcc/arm-none-eabi/12.3.1/../../../../arm-none-eabi/lib/thumb/v7e-m+fp/hard\libc_nano.a(libc_a-fflush.o)
                0x0800f468                __sflush_r
 .text._fflush_r
                0x0800f570       0x50 C:/ST/STM32CubeIDE_1.16.0/STM32CubeIDE/plugins/com.st.stm32cube.ide.mcu.externaltools.gnu-tools-for-stm32.12.3.rel1.win32_1.0.200.202406191623/tools/bin/../lib/gcc/arm-none-eabi/12.3.1/../../../../arm-none-eabi/lib/thumb/v7e-m+fp/hard\libc_nano.a(libc_a-fflush.o)
                0x0800f570                _fflush_r
 .text.__swhatbuf_r
                0x0800f5c0       0x4c C:/ST/STM32CubeIDE_1.16.0/STM32CubeIDE/plugins/com.st.stm32cube.ide.mcu.externaltools.gnu-tools-for-stm32.12.3.rel1.win32_1.0.200.202406191623/tools/bin/../lib/gcc/arm-none-eabi/12.3.1/../../../../arm-none-eabi/lib/thumb/v7e-m+fp/hard\libc_nano.a(libc_a-makebuf.o)
                0x0800f5c0                __swhatbuf_r
 .text.__smakebuf_r
                0x0800f60c       0x78 C:/ST/STM32CubeIDE_1.16.0/STM32CubeIDE/plugins/com.st.stm32cube.ide.mcu.externaltools.gnu-tools-for-stm32.12.3.rel1.win32_1.0.200.202406191623/tools/bin/../lib/gcc/arm-none-eabi/12.3.1/../../../../arm-none-eabi/lib/thumb/v7e-m+fp/hard\libc_nano.a(libc_a-makebuf.o)
                0x0800f60c                __smakebuf_r
 .text.memmove  0x0800f684       0x34 C:/ST/STM32CubeIDE_1.16.0/STM32CubeIDE/plugins/com.st.stm32cube.ide.mcu.externaltools.gnu-tools-for-stm32.12.3.rel1.win32_1.0.200.202406191623/tools/bin/../lib/gcc/arm-none-eabi/12.3.1/../../../../arm-none-eabi/lib/thumb/v7e-m+fp/hard\libc_nano.a(libc_a-memmove.o)
                0x0800f684                memmove
 .text._fstat_r
                0x0800f6b8       0x24 C:/ST/STM32CubeIDE_1.16.0/STM32CubeIDE/plugins/com.st.stm32cube.ide.mcu.externaltools.gnu-tools-for-stm32.12.3.rel1.win32_1.0.200.202406191623/tools/bin/../lib/gcc/arm-none-eabi/12.3.1/../../../../arm-none-eabi/lib/thumb/v7e-m+fp/hard\libc_nano.a(libc_a-fstatr.o)
                0x0800f6b8                _fstat_r
 .text._isatty_r
                0x0800f6dc       0x20 C:/ST/STM32CubeIDE_1.16.0/STM32CubeIDE/plugins/com.st.stm32cube.ide.mcu.externaltools.gnu-tools-for-stm32.12.3.rel1.win32_1.0.200.202406191623/tools/bin/../lib/gcc/arm-none-eabi/12.3.1/../../../../arm-none-eabi/lib/thumb/v7e-m+fp/hard\libc_nano.a(libc_a-isattyr.o)
                0x0800f6dc                _isatty_r
 .text.memcpy   0x0800f6fc       0x1c C:/ST/STM32CubeIDE_1.16.0/STM32CubeIDE/plugins/com.st.stm32cube.ide.mcu.externaltools.gnu-tools-for-stm32.12.3.rel1.win32_1.0.200.202406191623/tools/bin/../lib/gcc/arm-none-eabi/12.3.1/../../../../arm-none-eabi/lib/thumb/v7e-m+fp/hard\libc_nano.a(libc_a-memcpy-stub.o)
                0x0800f6fc                memcpy
 .text.__assert_func
                0x0800f718       0x3c C:/ST/STM32CubeIDE_1.16.0/STM32CubeIDE/plugins/com.st.stm32cube.ide.mcu.externaltools.gnu-tools-for-stm32.12.3.rel1.win32_1.0.200.202406191623/tools/bin/../lib/gcc/arm-none-eabi/12.3.1/../../../../arm-none-eabi/lib/thumb/v7e-m+fp/hard\libc_nano.a(libc_a-assert.o)
                0x0800f718                __assert_func
 .text._calloc_r
                0x0800f754       0x28 C:/ST/STM32CubeIDE_1.16.0/STM32CubeIDE/plugins/com.st.stm32cube.ide.mcu.externaltools.gnu-tools-for-stm32.12.3.rel1.win32_1.0.200.202406191623/tools/bin/../lib/gcc/arm-none-eabi/12.3.1/../../../../arm-none-eabi/lib/thumb/v7e-m+fp/hard\libc_nano.a(libc_a-callocr.o)
                0x0800f754                _calloc_r
 .text.__ascii_mbtowc
                0x0800f77c       0x24 C:/ST/STM32CubeIDE_1.16.0/STM32CubeIDE/plugins/com.st.stm32cube.ide.mcu.externaltools.gnu-tools-for-stm32.12.3.rel1.win32_1.0.200.202406191623/tools/bin/../lib/gcc/arm-none-eabi/12.3.1/../../../../arm-none-eabi/lib/thumb/v7e-m+fp/hard\libc_nano.a(libc_a-mbtowc_r.o)
                0x0800f77c                __ascii_mbtowc
 .text._realloc_r
                0x0800f7a0       0x5c C:/ST/STM32CubeIDE_1.16.0/STM32CubeIDE/plugins/com.st.stm32cube.ide.mcu.externaltools.gnu-tools-for-stm32.12.3.rel1.win32_1.0.200.202406191623/tools/bin/../lib/gcc/arm-none-eabi/12.3.1/../../../../arm-none-eabi/lib/thumb/v7e-m+fp/hard\libc_nano.a(libc_a-reallocr.o)
                0x0800f7a0                _realloc_r
 .text.__ascii_wctomb