../Core/Src/bmi270.c:15:6:cs_low	8	static
../Core/Src/bmi270.c:18:6:cs_high	8	static
../Core/Src/bmi270.c:22:6:BMI270ReadData	8	static
../Core/Src/bmi270.c:29:9:getCAS	16	static
../Core/Src/bmi270.c:44:6:BMI270Init	8	static
../Core/Src/bmi270.c:73:6:configureBMI270	8	static
../Core/Src/bmi270.c:88:6:configureBMI270EXTI	8	static
../Core/Src/bmi270.c:96:6:bmi270EnableSPI	8	static
../Core/Src/bmi270.c:104:9:read_register	16	static
../Core/Src/bmi270.c:114:6:write_register	24	static
../Core/Src/bmi270.c:121:10:burst_read	24	static
../Core/Src/bmi270.c:132:6:burst_transmit	24	static
../Core/Src/bmi270.c:139:7:lsb_to_mps2	32	static
../Core/Src/bmi270.c:148:7:lsb_to_dps	32	static
