../Core/Inc/expresslrs.h:114:19:constrain	24	static
../Core/Src/expresslrs.c:45:6:setBindingMode	8	static
../Core/Src/expresslrs.c:55:6:setPrescaleForRateIndex	16	static
../Core/Src/expresslrs.c:60:6:setLastClockTime	16	static
../Core/Src/expresslrs.c:65:6:setLastPacketTime	16	static
../Core/Src/expresslrs.c:70:6:clockPhaseUpdate	32	static
../Core/Src/expresslrs.c:120:9:isDisconnected	4	static
../Core/Src/expresslrs.c:127:9:getOffset	4	static
../Core/Src/expresslrs.c:132:6:refreshExpressLRS	24	static
../Core/Src/expresslrs.c:152:6:processRFPacket	40	static
../Core/Src/expresslrs.c:226:6:tentativeConnection	16	static
../Core/Src/expresslrs.c:234:6:disconnect	16	static
../Core/Src/expresslrs.c:241:6:processBindPacket	16	static
../Core/Src/expresslrs.c:253:9:processSyncPacket	24	static
../Core/Src/expresslrs.c:290:6:writeCurrentConfigsToFlash	16	static
../Core/Src/expresslrs.c:295:6:initExpressLRS	16	static
../Core/Src/expresslrs.c:319:9:getRateIndex	4	static
../Core/Src/expresslrs.c:323:9:getFHSSIndex	4	static
../Core/Src/expresslrs.c:327:10:getPhaseDiff	4	static
../Core/Src/expresslrs.c:331:6:changeRateIndex	56	static
../Core/Src/expresslrs.c:343:9:doFhssIrq	16	static
../Core/Src/expresslrs.c:356:6:expressLrsSetRcDataFromPayload	24	static
../Core/Src/expresslrs.c:384:6:fhssGenSequence	40	static
../Core/Src/expresslrs.c:416:10:fhssGetInitialFreq	4	static
../Core/Src/expresslrs.c:421:10:fhssGetNextFreq	16	static
../Core/Src/expresslrs.c:429:9:rngN	32	static
../Core/Src/expresslrs.c:438:9:airRateIndexToIndex24	16	static
