../Core/Inc/expresslrs.h:114:19:constrain	24	static
../Core/Src/expresslrs.c:45:6:setBindingMode	8	static
../Core/Src/expresslrs.c:54:6:setPrescaleForRateIndex	16	static
../Core/Src/expresslrs.c:58:6:setLastClockTime	16	static
../Core/Src/expresslrs.c:63:6:setLastPacketTime	16	static
../Core/Src/expresslrs.c:68:6:clockPhaseUpdate	32	static
../Core/Src/expresslrs.c:116:9:isDisconnected	4	static
../Core/Src/expresslrs.c:123:9:getOffset	4	static
../Core/Src/expresslrs.c:128:6:refreshExpressLRS	24	static
../Core/Src/expresslrs.c:148:6:processRFPacket	40	static
../Core/Src/expresslrs.c:222:6:tentativeConnection	16	static
../Core/Src/expresslrs.c:230:6:disconnect	16	static
../Core/Src/expresslrs.c:237:6:processBindPacket	16	static
../Core/Src/expresslrs.c:249:9:processSyncPacket	24	static
../Core/Src/expresslrs.c:286:6:writeCurrentConfigsToFlash	16	static
../Core/Src/expresslrs.c:291:6:initExpressLRS	16	static
../Core/Src/expresslrs.c:315:9:getRateIndex	4	static
../Core/Src/expresslrs.c:319:9:getFHSSIndex	4	static
../Core/Src/expresslrs.c:323:10:getPhaseDiff	4	static
../Core/Src/expresslrs.c:327:6:changeRateIndex	56	static
../Core/Src/expresslrs.c:339:9:doFhssIrq	16	static
../Core/Src/expresslrs.c:352:6:expressLrsSetRcDataFromPayload	24	static
../Core/Src/expresslrs.c:380:6:fhssGenSequence	40	static
../Core/Src/expresslrs.c:412:10:fhssGetInitialFreq	4	static
../Core/Src/expresslrs.c:417:10:fhssGetNextFreq	16	static
../Core/Src/expresslrs.c:425:9:rngN	32	static
../Core/Src/expresslrs.c:434:9:airRateIndexToIndex24	16	static
