../Core/Inc/expresslrs.h:114:19:constrain	24	static
../Core/Src/expresslrs.c:45:6:setBindingMode	8	static
../Core/Src/expresslrs.c:55:6:setPrescaleForRateIndex	16	static
../Core/Src/expresslrs.c:59:6:setLastClockTime	16	static
../Core/Src/expresslrs.c:64:6:setLastPacketTime	16	static
../Core/Src/expresslrs.c:69:6:clockPhaseUpdate	32	static
../Core/Src/expresslrs.c:119:9:isDisconnected	4	static
../Core/Src/expresslrs.c:126:9:getOffset	4	static
../Core/Src/expresslrs.c:131:6:refreshExpressLRS	24	static
../Core/Src/expresslrs.c:151:6:processRFPacket	40	static
../Core/Src/expresslrs.c:225:6:tentativeConnection	16	static
../Core/Src/expresslrs.c:233:6:disconnect	16	static
../Core/Src/expresslrs.c:240:6:processBindPacket	16	static
../Core/Src/expresslrs.c:252:9:processSyncPacket	24	static
../Core/Src/expresslrs.c:289:6:writeCurrentConfigsToFlash	16	static
../Core/Src/expresslrs.c:294:6:initExpressLRS	16	static
../Core/Src/expresslrs.c:318:9:getRateIndex	4	static
../Core/Src/expresslrs.c:322:9:getFHSSIndex	4	static
../Core/Src/expresslrs.c:326:10:getPhaseDiff	4	static
../Core/Src/expresslrs.c:330:6:changeRateIndex	56	static
../Core/Src/expresslrs.c:342:9:doFhssIrq	16	static
../Core/Src/expresslrs.c:355:6:expressLrsSetRcDataFromPayload	24	static
../Core/Src/expresslrs.c:383:6:fhssGenSequence	40	static
../Core/Src/expresslrs.c:415:10:fhssGetInitialFreq	4	static
../Core/Src/expresslrs.c:420:10:fhssGetNextFreq	16	static
../Core/Src/expresslrs.c:428:9:rngN	32	static
../Core/Src/expresslrs.c:437:9:airRateIndexToIndex24	16	static
