../Core/Inc/expresslrs.h:114:19:constrain	24	static
../Core/Src/expresslrs.c:47:6:setBindingMode	8	static
../Core/Src/expresslrs.c:56:6:setPrescaleForRateIndex	16	static
../Core/Src/expresslrs.c:60:6:setLastClockTime	16	static
../Core/Src/expresslrs.c:65:6:setLastPacketTime	16	static
../Core/Src/expresslrs.c:70:6:clockPhaseUpdate	32	static
../Core/Src/expresslrs.c:110:9:isDisconnected	4	static
../Core/Src/expresslrs.c:118:6:refreshExpressLRS	24	static
../Core/Src/expresslrs.c:139:6:processRFPacket	40	static
../Core/Src/expresslrs.c:174:6:tentativeConnection	16	static
../Core/Src/expresslrs.c:182:6:disconnect	16	static
../Core/Src/expresslrs.c:196:6:processBindPacket	16	static
../Core/Src/expresslrs.c:208:6:exitBindMode	8	static
../Core/Src/expresslrs.c:214:9:isBindingMode	4	static
../Core/Src/expresslrs.c:218:9:processSyncPacket	24	static
../Core/Src/expresslrs.c:256:6:writeCurrentConfigsToFlash	16	static
../Core/Src/expresslrs.c:261:6:initExpressLRS	16	static
../Core/Src/expresslrs.c:281:6:changeRateIndex	56	static
../Core/Src/expresslrs.c:291:6:expressLrsSetRcDataFromPayload	24	static
../Core/Src/expresslrs.c:318:6:fhssGenSequence	40	static
../Core/Src/expresslrs.c:350:9:doFhssIrq	16	static
../Core/Src/expresslrs.c:362:10:fhssGetInitialFreq	4	static
../Core/Src/expresslrs.c:367:10:fhssGetNextFreq	16	static
../Core/Src/expresslrs.c:375:9:rngN	32	static
../Core/Src/expresslrs.c:384:9:airRateIndexToIndex24	16	static
