../Core/Inc/expresslrs.h:114:19:constrain	24	static
../Core/Src/expresslrs.c:46:6:setBindingMode	8	static
../Core/Src/expresslrs.c:55:6:setPrescaleForRateIndex	16	static
../Core/Src/expresslrs.c:59:6:setLastClockTime	16	static
../Core/Src/expresslrs.c:64:6:setLastPacketTime	16	static
../Core/Src/expresslrs.c:69:6:clockPhaseUpdate	32	static
../Core/Src/expresslrs.c:102:9:isDisconnected	4	static
../Core/Src/expresslrs.c:110:6:refreshExpressLRS	24	static
../Core/Src/expresslrs.c:130:6:processRFPacket	40	static
../Core/Src/expresslrs.c:165:6:tentativeConnection	16	static
../Core/Src/expresslrs.c:173:6:disconnect	16	static
../Core/Src/expresslrs.c:186:6:processBindPacket	16	static
../Core/Src/expresslrs.c:198:9:processSyncPacket	24	static
../Core/Src/expresslrs.c:233:6:writeCurrentConfigsToFlash	16	static
../Core/Src/expresslrs.c:238:6:initExpressLRS	16	static
../Core/Src/expresslrs.c:258:6:changeRateIndex	56	static
../Core/Src/expresslrs.c:268:6:expressLrsSetRcDataFromPayload	24	static
../Core/Src/expresslrs.c:295:6:fhssGenSequence	40	static
../Core/Src/expresslrs.c:327:9:doFhssIrq	16	static
../Core/Src/expresslrs.c:339:10:fhssGetInitialFreq	4	static
../Core/Src/expresslrs.c:344:10:fhssGetNextFreq	16	static
../Core/Src/expresslrs.c:352:9:rngN	32	static
../Core/Src/expresslrs.c:361:9:airRateIndexToIndex24	16	static
