../Core/Inc/expresslrs.h:114:19:constrain	24	static
../Core/Src/expresslrs.c:46:6:setBindingMode	8	static
../Core/Src/expresslrs.c:55:6:setPrescaleForRateIndex	16	static
../Core/Src/expresslrs.c:59:6:setLastClockTime	16	static
../Core/Src/expresslrs.c:64:6:setLastPacketTime	16	static
../Core/Src/expresslrs.c:69:6:clockPhaseUpdate	32	static
../Core/Src/expresslrs.c:100:9:isDisconnected	4	static
../Core/Src/expresslrs.c:108:6:refreshExpressLRS	24	static
../Core/Src/expresslrs.c:128:6:processRFPacket	40	static
../Core/Src/expresslrs.c:163:6:tentativeConnection	16	static
../Core/Src/expresslrs.c:171:6:disconnect	16	static
../Core/Src/expresslrs.c:184:6:processBindPacket	16	static
../Core/Src/expresslrs.c:196:9:processSyncPacket	24	static
../Core/Src/expresslrs.c:231:6:writeCurrentConfigsToFlash	16	static
../Core/Src/expresslrs.c:236:6:initExpressLRS	16	static
../Core/Src/expresslrs.c:256:6:changeRateIndex	56	static
../Core/Src/expresslrs.c:266:6:expressLrsSetRcDataFromPayload	24	static
../Core/Src/expresslrs.c:293:6:fhssGenSequence	40	static
../Core/Src/expresslrs.c:325:9:doFhssIrq	16	static
../Core/Src/expresslrs.c:337:10:fhssGetInitialFreq	4	static
../Core/Src/expresslrs.c:342:10:fhssGetNextFreq	16	static
../Core/Src/expresslrs.c:350:9:rngN	32	static
../Core/Src/expresslrs.c:359:9:airRateIndexToIndex24	16	static
