../Core/Inc/expresslrs.h:114:19:constrain	24	static
../Core/Src/expresslrs.c:47:6:setBindingMode	8	static
../Core/Src/expresslrs.c:56:6:setPrescaleForRateIndex	16	static
../Core/Src/expresslrs.c:60:6:setLastClockTime	16	static
../Core/Src/expresslrs.c:65:6:setLastPacketTime	16	static
../Core/Src/expresslrs.c:70:6:clockPhaseUpdate	32	static
../Core/Src/expresslrs.c:112:9:isDisconnected	4	static
../Core/Src/expresslrs.c:120:6:refreshExpressLRS	24	static
../Core/Src/expresslrs.c:141:6:processRFPacket	40	static
../Core/Src/expresslrs.c:176:6:tentativeConnection	16	static
../Core/Src/expresslrs.c:184:6:disconnect	16	static
../Core/Src/expresslrs.c:198:6:processBindPacket	16	static
../Core/Src/expresslrs.c:210:6:exitBindMode	8	static
../Core/Src/expresslrs.c:216:9:isBindingMode	4	static
../Core/Src/expresslrs.c:220:9:processSyncPacket	24	static
../Core/Src/expresslrs.c:255:6:writeCurrentConfigsToFlash	16	static
../Core/Src/expresslrs.c:260:6:initExpressLRS	16	static
../Core/Src/expresslrs.c:280:6:changeRateIndex	56	static
../Core/Src/expresslrs.c:290:6:expressLrsSetRcDataFromPayload	24	static
../Core/Src/expresslrs.c:317:6:fhssGenSequence	40	static
../Core/Src/expresslrs.c:349:9:doFhssIrq	16	static
../Core/Src/expresslrs.c:361:10:fhssGetInitialFreq	4	static
../Core/Src/expresslrs.c:366:10:fhssGetNextFreq	16	static
../Core/Src/expresslrs.c:374:9:rngN	32	static
../Core/Src/expresslrs.c:383:9:airRateIndexToIndex24	16	static
