../Core/Src/main.c:101:6:dispImuAndPID	248	static
../Core/Src/main.c:112:6:HAL_TIM_PeriodElapsedCallback	64	static
../Core/Src/main.c:206:6:HAL_GPIO_EXTI_Callback	40	static,ignoring_inline_asm
../Core/Src/main.c:251:5:main	2904	static
../Core/Src/main.c:450:6:SystemClock_Config	88	static
../Core/Src/main.c:492:7:convert	24	static
../Core/Src/main.c:510:7:convert16	24	static
../Core/Src/main.c:528:6:displayInt	32	static
../Core/Src/main.c:538:6:displayInts	48	static
../Core/Src/main.c:548:6:displayInts3	56	static
../Core/Src/main.c:558:6:displayInts4	64	static
../Core/Src/main.c:568:6:displayFloats4	136	static
../Core/Src/main.c:578:6:dispImu	144	static
../Core/Src/main.c:590:6:dispEuler	72	static
../Core/Src/main.c:600:6:dispEst	96	static
../Core/Src/main.c:610:6:dispMatrixDebug	136	static
../Core/Src/main.c:620:6:quatToEuler	56	static
../Core/Src/main.c:633:10:micros	4	static
../Core/Src/main.c:637:10:getDeltaTime	16	static
../Core/Src/main.c:649:6:Error_Handler	4	static,ignoring_inline_asm
