../Core/Src/stm32f4xx_it.c:80:6:NMI_Handler	4	static
../Core/Src/stm32f4xx_it.c:95:6:HardFault_Handler	4	static
../Core/Src/stm32f4xx_it.c:110:6:MemManage_Handler	4	static
../Core/Src/stm32f4xx_it.c:125:6:BusFault_Handler	4	static
../Core/Src/stm32f4xx_it.c:140:6:UsageFault_Handler	4	static
../Core/Src/stm32f4xx_it.c:155:6:SVC_Handler	4	static
../Core/Src/stm32f4xx_it.c:168:6:DebugMon_Handler	4	static
../Core/Src/stm32f4xx_it.c:181:6:PendSV_Handler	4	static
../Core/Src/stm32f4xx_it.c:194:6:SysTick_Handler	8	static
../Core/Src/stm32f4xx_it.c:215:6:EXTI2_IRQHandler	8	static
../Core/Src/stm32f4xx_it.c:229:6:DMA1_Stream1_IRQHandler	8	static
../Core/Src/stm32f4xx_it.c:243:6:DMA1_Stream3_IRQHandler	8	static
../Core/Src/stm32f4xx_it.c:257:6:DMA1_Stream5_IRQHandler	8	static
../Core/Src/stm32f4xx_it.c:271:6:TIM1_BRK_TIM9_IRQHandler	8	static
../Core/Src/stm32f4xx_it.c:285:6:TIM1_UP_TIM10_IRQHandler	8	static
../Core/Src/stm32f4xx_it.c:299:6:TIM1_TRG_COM_TIM11_IRQHandler	8	static
../Core/Src/stm32f4xx_it.c:313:6:TIM3_IRQHandler	8	static
../Core/Src/stm32f4xx_it.c:327:6:EXTI15_10_IRQHandler	8	static
../Core/Src/stm32f4xx_it.c:341:6:DMA1_Stream7_IRQHandler	8	static
../Core/Src/stm32f4xx_it.c:355:6:TIM5_IRQHandler	8	static
../Core/Src/stm32f4xx_it.c:369:6:DMA2_Stream0_IRQHandler	8	static
../Core/Src/stm32f4xx_it.c:383:6:DMA2_Stream2_IRQHandler	8	static
../Core/Src/stm32f4xx_it.c:397:6:OTG_FS_IRQHandler	8	static
