../Core/Src/sx1280.c:12:6:initSX1280	16	static
../Core/Src/sx1280.c:45:6:setRFRate	32	static
../Core/Src/sx1280.c:63:9:getStatus	16	static
../Core/Src/sx1280.c:74:6:setRXModeNoTimeout	16	static
../Core/Src/sx1280.c:80:6:configureInterrupts	24	static
../Core/Src/sx1280.c:87:6:setLORAPacketParameters	32	static
../Core/Src/sx1280.c:92:6:setLORAModParameters	24	static
../Core/Src/sx1280.c:116:6:setStandby	16	static
../Core/Src/sx1280.c:122:6:setPacketTypeLORA	16	static
../Core/Src/sx1280.c:127:9:sx1280PollBusy	16	static,ignoring_inline_asm
../Core/Src/sx1280.c:140:6:writeRFFrequency	24	static
../Core/Src/sx1280.c:150:6:writeRegister	24	static
../Core/Src/sx1280.c:160:9:readRegister	32	static
../Core/Src/sx1280.c:175:6:setHighPower	8	static
../Core/Src/sx1280.c:180:6:sendSPIBuffer	16	static
