../Core/Src/sx1280.c:11:6:sx1280_init	16	static
../Core/Src/sx1280.c:16:6:sx1280_set_RF_rate	32	static
../Core/Src/sx1280.c:31:6:sx1280_read_interrupt	40	static
../Core/Src/sx1280.c:51:9:sx1280_get_status	16	static
../Core/Src/sx1280.c:62:6:sx1280_set_RX_mode_no_timeout	16	static
../Core/Src/sx1280.c:68:6:sx1280_configure_EXTI	24	static
../Core/Src/sx1280.c:75:6:sx1280_set_LORA_packet_parameters	32	static
../Core/Src/sx1280.c:80:6:sx1280_set_LORA_mod_parameters	24	static
../Core/Src/sx1280.c:102:6:sx1280_set_standby	16	static
../Core/Src/sx1280.c:108:6:sx1280_set_packet_type_LORA	16	static
../Core/Src/sx1280.c:113:9:sx1280_poll_busy	16	static,ignoring_inline_asm
../Core/Src/sx1280.c:126:6:sx1280_write_RF_frequency	24	static
../Core/Src/sx1280.c:136:6:sx1280_write_register	24	static
../Core/Src/sx1280.c:145:9:sx1280_read_register	32	static
../Core/Src/sx1280.c:160:6:sx1280_set_high_power	8	static
../Core/Src/sx1280.c:165:6:sx1280_send_SPI_buffer	16	static
