../Core/Src/tim.c:39:6:MX_TIM2_Init	64	static
../Core/Src/tim.c:97:6:MX_TIM3_Init	48	static
../Core/Src/tim.c:141:6:MX_TIM4_Init	64	static
../Core/Src/tim.c:199:6:MX_TIM5_Init	32	static
../Core/Src/tim.c:239:6:MX_TIM9_Init	24	static
../Core/Src/tim.c:275:6:MX_TIM10_Init	8	static
../Core/Src/tim.c:301:6:HAL_TIM_Base_MspInit	40	static
../Core/Src/tim.c:464:6:HAL_TIM_PWM_MspInit	24	static
../Core/Src/tim.c:479:6:HAL_TIM_MspPostInit	56	static
../Core/Src/tim.c:558:6:HAL_TIM_Base_MspDeInit	16	static
../Core/Src/tim.c:636:6:HAL_TIM_PWM_MspDeInit	16	static
